Archive member included to satisfy reference by file (symbol)

/home/nihao/workdir/stm32mp135_Bare_computer_project/toolchain/bin/../lib/gcc/arm-none-eabi/12.3.1/../../../../arm-none-eabi/lib/thumb/v7-a+fp/hard/libc_nano.a(libc_a-exit.o)
                              /home/nihao/workdir/stm32mp135_Bare_computer_project/toolchain/bin/../lib/gcc/arm-none-eabi/12.3.1/../../../../arm-none-eabi/lib/thumb/v7-a+fp/hard/crt0.o (exit)
/home/nihao/workdir/stm32mp135_Bare_computer_project/toolchain/bin/../lib/gcc/arm-none-eabi/12.3.1/../../../../arm-none-eabi/lib/thumb/v7-a+fp/hard/libc_nano.a(libc_a-findfp.o)
                              /home/nihao/workdir/stm32mp135_Bare_computer_project/toolchain/bin/../lib/gcc/arm-none-eabi/12.3.1/../../../../arm-none-eabi/lib/thumb/v7-a+fp/hard/libc_nano.a(libc_a-exit.o) (__stdio_exit_handler)
/home/nihao/workdir/stm32mp135_Bare_computer_project/toolchain/bin/../lib/gcc/arm-none-eabi/12.3.1/../../../../arm-none-eabi/lib/thumb/v7-a+fp/hard/libc_nano.a(libc_a-fwalk.o)
                              /home/nihao/workdir/stm32mp135_Bare_computer_project/toolchain/bin/../lib/gcc/arm-none-eabi/12.3.1/../../../../arm-none-eabi/lib/thumb/v7-a+fp/hard/libc_nano.a(libc_a-findfp.o) (_fwalk_sglue)
/home/nihao/workdir/stm32mp135_Bare_computer_project/toolchain/bin/../lib/gcc/arm-none-eabi/12.3.1/../../../../arm-none-eabi/lib/thumb/v7-a+fp/hard/libc_nano.a(libc_a-stdio.o)
                              /home/nihao/workdir/stm32mp135_Bare_computer_project/toolchain/bin/../lib/gcc/arm-none-eabi/12.3.1/../../../../arm-none-eabi/lib/thumb/v7-a+fp/hard/libc_nano.a(libc_a-findfp.o) (__sread)
/home/nihao/workdir/stm32mp135_Bare_computer_project/toolchain/bin/../lib/gcc/arm-none-eabi/12.3.1/../../../../arm-none-eabi/lib/thumb/v7-a+fp/hard/libc_nano.a(libc_a-memset.o)
                              /home/nihao/workdir/stm32mp135_Bare_computer_project/toolchain/bin/../lib/gcc/arm-none-eabi/12.3.1/../../../../arm-none-eabi/lib/thumb/v7-a+fp/hard/crt0.o (memset)
/home/nihao/workdir/stm32mp135_Bare_computer_project/toolchain/bin/../lib/gcc/arm-none-eabi/12.3.1/../../../../arm-none-eabi/lib/thumb/v7-a+fp/hard/libc_nano.a(libc_a-closer.o)
                              /home/nihao/workdir/stm32mp135_Bare_computer_project/toolchain/bin/../lib/gcc/arm-none-eabi/12.3.1/../../../../arm-none-eabi/lib/thumb/v7-a+fp/hard/libc_nano.a(libc_a-stdio.o) (_close_r)
/home/nihao/workdir/stm32mp135_Bare_computer_project/toolchain/bin/../lib/gcc/arm-none-eabi/12.3.1/../../../../arm-none-eabi/lib/thumb/v7-a+fp/hard/libc_nano.a(libc_a-reent.o)
                              /home/nihao/workdir/stm32mp135_Bare_computer_project/toolchain/bin/../lib/gcc/arm-none-eabi/12.3.1/../../../../arm-none-eabi/lib/thumb/v7-a+fp/hard/libc_nano.a(libc_a-closer.o) (errno)
/home/nihao/workdir/stm32mp135_Bare_computer_project/toolchain/bin/../lib/gcc/arm-none-eabi/12.3.1/../../../../arm-none-eabi/lib/thumb/v7-a+fp/hard/libc_nano.a(libc_a-impure.o)
                              /home/nihao/workdir/stm32mp135_Bare_computer_project/toolchain/bin/../lib/gcc/arm-none-eabi/12.3.1/../../../../arm-none-eabi/lib/thumb/v7-a+fp/hard/libc_nano.a(libc_a-reent.o) (_impure_ptr)
/home/nihao/workdir/stm32mp135_Bare_computer_project/toolchain/bin/../lib/gcc/arm-none-eabi/12.3.1/../../../../arm-none-eabi/lib/thumb/v7-a+fp/hard/libc_nano.a(libc_a-lseekr.o)
                              /home/nihao/workdir/stm32mp135_Bare_computer_project/toolchain/bin/../lib/gcc/arm-none-eabi/12.3.1/../../../../arm-none-eabi/lib/thumb/v7-a+fp/hard/libc_nano.a(libc_a-stdio.o) (_lseek_r)
/home/nihao/workdir/stm32mp135_Bare_computer_project/toolchain/bin/../lib/gcc/arm-none-eabi/12.3.1/../../../../arm-none-eabi/lib/thumb/v7-a+fp/hard/libc_nano.a(libc_a-readr.o)
                              /home/nihao/workdir/stm32mp135_Bare_computer_project/toolchain/bin/../lib/gcc/arm-none-eabi/12.3.1/../../../../arm-none-eabi/lib/thumb/v7-a+fp/hard/libc_nano.a(libc_a-stdio.o) (_read_r)
/home/nihao/workdir/stm32mp135_Bare_computer_project/toolchain/bin/../lib/gcc/arm-none-eabi/12.3.1/../../../../arm-none-eabi/lib/thumb/v7-a+fp/hard/libc_nano.a(libc_a-writer.o)
                              /home/nihao/workdir/stm32mp135_Bare_computer_project/toolchain/bin/../lib/gcc/arm-none-eabi/12.3.1/../../../../arm-none-eabi/lib/thumb/v7-a+fp/hard/libc_nano.a(libc_a-stdio.o) (_write_r)
/home/nihao/workdir/stm32mp135_Bare_computer_project/toolchain/bin/../lib/gcc/arm-none-eabi/12.3.1/../../../../arm-none-eabi/lib/thumb/v7-a+fp/hard/libc_nano.a(libc_a-errno.o)
                              Projects/Src/syscalls.cc.o (__errno)
/home/nihao/workdir/stm32mp135_Bare_computer_project/toolchain/bin/../lib/gcc/arm-none-eabi/12.3.1/../../../../arm-none-eabi/lib/thumb/v7-a+fp/hard/libc_nano.a(libc_a-init.o)
                              /home/nihao/workdir/stm32mp135_Bare_computer_project/toolchain/bin/../lib/gcc/arm-none-eabi/12.3.1/../../../../arm-none-eabi/lib/thumb/v7-a+fp/hard/crt0.o (__libc_init_array)
[...]
Memory Configuration

Name             Origin             Length             Attributes
SYSRAM_BASE      0x2ffe0000         0x00020000         xrw
SRAM1_BASE       0x30000000         0x00004000         xrw
SRAM2_BASE       0x30004000         0x00002000         xrw
SRAM3_BASE       0x30006000         0x00002000         xrw
DDR_BASE         0xc0000000         0x20000000         xrw
*default*        0x00000000         0xffffffff

Linker script and memory map

LOAD /home/nihao/workdir/stm32mp135_Bare_computer_project/toolchain/bin/../lib/gcc/arm-none-eabi/12.3.1/thumb/v7-a+fp/hard/crti.o
LOAD /home/nihao/workdir/stm32mp135_Bare_computer_project/toolchain/bin/../lib/gcc/arm-none-eabi/12.3.1/thumb/v7-a+fp/hard/crtbegin.o
LOAD /home/nihao/workdir/stm32mp135_Bare_computer_project/toolchain/bin/../lib/gcc/arm-none-eabi/12.3.1/../../../../arm-none-eabi/lib/thumb/v7-a+fp/hard/crt0.o
LOAD Projects/Src/main.cc.o
LOAD Projects/Src/stm32mp13xx_hal_msp.cc.o
LOAD Projects/Src/stm32mp13xx_it.cc.o
LOAD Projects/Src/syscalls.cc.o
LOAD Drivers/CMSIS/Device/ST/STM32MP13xx/Source/Templates/gcc/startup_stm32mp135c_ca7.cc.o
LOAD Drivers/STM32MP13xx_HAL_Driver/Src/stm32mp13xx_hal.cc.o
LOAD Drivers/STM32MP13xx_HAL_Driver/Src/stm32mp13xx_hal_dma.cc.o
LOAD Drivers/STM32MP13xx_HAL_Driver/Src/stm32mp13xx_hal_dma_ex.cc.o
LOAD Drivers/STM32MP13xx_HAL_Driver/Src/stm32mp13xx_hal_exti.cc.o
LOAD Drivers/STM32MP13xx_HAL_Driver/Src/stm32mp13xx_hal_gpio.cc.o
LOAD Drivers/STM32MP13xx_HAL_Driver/Src/stm32mp13xx_hal_i2c.cc.o
LOAD Drivers/STM32MP13xx_HAL_Driver/Src/stm32mp13xx_hal_pwr.cc.o
LOAD Drivers/STM32MP13xx_HAL_Driver/Src/stm32mp13xx_hal_pwr_ex.cc.o
LOAD Drivers/STM32MP13xx_HAL_Driver/Src/stm32mp13xx_hal_rcc.cc.o
LOAD Drivers/STM32MP13xx_HAL_Driver/Src/stm32mp13xx_hal_rcc_ex.cc.o
LOAD Drivers/CMSIS/Core_A/Source/irq_ctrl_gic.cc.o
LOAD Drivers/CMSIS/Device/ST/STM32MP13xx/Source/Templates/mmu_stm32mp13xx.cc.o
LOAD Drivers/CMSIS/Device/ST/STM32MP13xx/Source/Templates/system_stm32mp13xx_A7.cc.o
LOAD Drivers/BSP/STM32MP13xx_DISCO/stm32mp13xx_disco.cc.o
LOAD Drivers/BSP/STM32MP13xx_DISCO/stm32mp13xx_disco_bus.cc.o
LOAD Drivers/BSP/STM32MP13xx_DISCO/stm32mp13xx_disco_io.cc.o
LOAD Drivers/BSP/STM32MP13xx_DISCO/stm32mp13xx_disco_stpmic1.cc.o
LOAD Drivers/BSP/Components/mcp23x17/mcp23x17.cc.o
LOAD Drivers/BSP/Components/mcp23x17/mcp23x17_reg.cc.o
START GROUP
LOAD /home/nihao/workdir/stm32mp135_Bare_computer_project/toolchain/bin/../lib/gcc/arm-none-eabi/12.3.1/../../../../arm-none-eabi/lib/thumb/v7-a+fp/hard/libc_nano.a
LOAD /home/nihao/workdir/stm32mp135_Bare_computer_project/toolchain/bin/../lib/gcc/arm-none-eabi/12.3.1/../../../../arm-none-eabi/lib/thumb/v7-a+fp/hard/libm.a
END GROUP
START GROUP
LOAD /home/nihao/workdir/stm32mp135_Bare_computer_project/toolchain/bin/../lib/gcc/arm-none-eabi/12.3.1/thumb/v7-a+fp/hard/libgcc.a
LOAD /home/nihao/workdir/stm32mp135_Bare_computer_project/toolchain/bin/../lib/gcc/arm-none-eabi/12.3.1/../../../../arm-none-eabi/lib/thumb/v7-a+fp/hard/libc_nano.a
END GROUP
START GROUP
LOAD /home/nihao/workdir/stm32mp135_Bare_computer_project/toolchain/bin/../lib/gcc/arm-none-eabi/12.3.1/thumb/v7-a+fp/hard/libgcc.a
LOAD /home/nihao/workdir/stm32mp135_Bare_computer_project/toolchain/bin/../lib/gcc/arm-none-eabi/12.3.1/../../../../arm-none-eabi/lib/thumb/v7-a+fp/hard/libc_nano.a
LOAD /home/nihao/workdir/stm32mp135_Bare_computer_project/toolchain/bin/../lib/gcc/arm-none-eabi/12.3.1/../../../../arm-none-eabi/lib/thumb/v7-a+fp/hard/libnosys.a
END GROUP
START GROUP
LOAD /home/nihao/workdir/stm32mp135_Bare_computer_project/toolchain/bin/../lib/gcc/arm-none-eabi/12.3.1/thumb/v7-a+fp/hard/libgcc.a
LOAD /home/nihao/workdir/stm32mp135_Bare_computer_project/toolchain/bin/../lib/gcc/arm-none-eabi/12.3.1/../../../../arm-none-eabi/lib/thumb/v7-a+fp/hard/libc_nano.a
LOAD /home/nihao/workdir/stm32mp135_Bare_computer_project/toolchain/bin/../lib/gcc/arm-none-eabi/12.3.1/../../../../arm-none-eabi/lib/thumb/v7-a+fp/hard/libnosys.a
END GROUP
LOAD /home/nihao/workdir/stm32mp135_Bare_computer_project/toolchain/bin/../lib/gcc/arm-none-eabi/12.3.1/thumb/v7-a+fp/hard/crtend.o
LOAD /home/nihao/workdir/stm32mp135_Bare_computer_project/toolchain/bin/../lib/gcc/arm-none-eabi/12.3.1/thumb/v7-a+fp/hard/crtn.o
                0x00000200                        _Min_Heap_Size = 0x200
                0x00000400                        _Min_Stack_Size = 0x400
                0x00004000                        TTB_L1_SIZE = 0x4000
                0x00000400                        TTB_L2_SIZE = 0x400
                0x00000000                        START_OFFSET = 0x0
                0x2ffe0000                        __MEM_START__ = (ORIGIN (RAM) + START_OFFSET)
                0x00020000                        __MEM_SIZE__ = (LENGTH (RAM) - START_OFFSET)
                0x00000400                        __FIQ_STACK_SIZE = 0x400
                0x00000400                        __IRQ_STACK_SIZE = 0x400
                0x00000400                        __ABT_STACK_SIZE = 0x400
                0x00000400                        __SVC_STACK_SIZE = 0x400
                0x00000400                        __UND_STACK_SIZE = 0x400
                0x30000000                        FIQ_STACK = (__MEM_START__ + __MEM_SIZE__)
                0x2ffffc00                        IRQ_STACK = (FIQ_STACK - __FIQ_STACK_SIZE)
                0x2ffff800                        ABT_STACK = (IRQ_STACK - __IRQ_STACK_SIZE)
                0x2ffff400                        SVC_STACK = (ABT_STACK - __ABT_STACK_SIZE)
                0x2ffff000                        UND_STACK = (SVC_STACK - __SVC_STACK_SIZE)
                0x2fffec00                        SYS_STACK = (UND_STACK - __UND_STACK_SIZE)
                0x2ffe0000                        . = __MEM_START__

.RESET          0x2ffe0000     0x8000
                0x2ffe0000                        __TEXT_START__ = .
 *(.text.Reset_Handler)
 .text.Reset_Handler
                0x2ffe0000       0xb4 Drivers/CMSIS/Device/ST/STM32MP13xx/Source/Templates/gcc/startup_stm32mp135c_ca7.cc.o
                0x2ffe0000                Reset_Handler
 *(RESET)
 *fill*         0x2ffe00b4       0x4c 
 RESET          0x2ffe0100       0x44 Drivers/CMSIS/Device/ST/STM32MP13xx/Source/Templates/gcc/startup_stm32mp135c_ca7.cc.o
                0x2ffe0100                Vectors
 *(.text*)
 .text          0x2ffe0144       0x50 /home/nihao/workdir/stm32mp135_Bare_computer_project/toolchain/bin/../lib/gcc/arm-none-eabi/12.3.1/thumb/v7-a+fp/hard/crtbegin.o
 .text.main     0x2ffe0194       0x56 Projects/Src/main.cc.o
                0x2ffe0194                main
 .text.SystemClock_Config
                0x2ffe01ea      0x326 Projects/Src/main.cc.o
                0x2ffe01ea                SystemClock_Config
 .text.Error_Handler
                0x2ffe0510        0x8 Projects/Src/main.cc.o
                0x2ffe0510                Error_Handler
 .text.assert_failed
                0x2ffe0518        0xe Projects/Src/main.cc.o
                0x2ffe0518                assert_failed
 .text.HAL_MspInit
                0x2ffe0526        0xe Projects/Src/stm32mp13xx_hal_msp.cc.o
                0x2ffe0526                HAL_MspInit
 .text.RESERVED_IRQHandler
                0x2ffe0534        0xe Drivers/CMSIS/Device/ST/STM32MP13xx/Source/Templates/gcc/startup_stm32mp135c_ca7.cc.o
                0x2ffe0534                RESERVED_IRQHandler
 .text.SGI0_IRQHandler
                0x2ffe0542        0xe Drivers/CMSIS/Device/ST/STM32MP13xx/Source/Templates/gcc/startup_stm32mp135c_ca7.cc.o
                0x2ffe0542                SGI0_IRQHandler
 .text.SGI1_IRQHandler
                0x2ffe0550        0xe Drivers/CMSIS/Device/ST/STM32MP13xx/Source/Templates/gcc/startup_stm32mp135c_ca7.cc.o
                0x2ffe0550                SGI1_IRQHandler
 .text.SGI2_IRQHandler
                0x2ffe055e        0xe Drivers/CMSIS/Device/ST/STM32MP13xx/Source/Templates/gcc/startup_stm32mp135c_ca7.cc.o
                0x2ffe055e                SGI2_IRQHandler
 .text.SGI3_IRQHandler
                0x2ffe056c        0xe Drivers/CMSIS/Device/ST/STM32MP13xx/Source/Templates/gcc/startup_stm32mp135c_ca7.cc.o
                0x2ffe056c                SGI3_IRQHandler
 .text.SGI4_IRQHandler
                0x2ffe057a        0xe Drivers/CMSIS/Device/ST/STM32MP13xx/Source/Templates/gcc/startup_stm32mp135c_ca7.cc.o
                0x2ffe057a                SGI4_IRQHandler
 .text.SGI5_IRQHandler
                0x2ffe0588        0xe Drivers/CMSIS/Device/ST/STM32MP13xx/Source/Templates/gcc/startup_stm32mp135c_ca7.cc.o
                0x2ffe0588                SGI5_IRQHandler
 .text.SGI6_IRQHandler
                0x2ffe0596        0xe Drivers/CMSIS/Device/ST/STM32MP13xx/Source/Templates/gcc/startup_stm32mp135c_ca7.cc.o
                0x2ffe0596                SGI6_IRQHandler
 .text.SGI7_IRQHandler
                0x2ffe05a4        0xe Drivers/CMSIS/Device/ST/STM32MP13xx/Source/Templates/gcc/startup_stm32mp135c_ca7.cc.o
                0x2ffe05a4                SGI7_IRQHandler
 .text.SGI8_IRQHandler
                0x2ffe05b2        0xe Drivers/CMSIS/Device/ST/STM32MP13xx/Source/Templates/gcc/startup_stm32mp135c_ca7.cc.o
                0x2ffe05b2                SGI8_IRQHandler
 .text.SGI9_IRQHandler
                0x2ffe05c0        0xe Drivers/CMSIS/Device/ST/STM32MP13xx/Source/Templates/gcc/startup_stm32mp135c_ca7.cc.o
                0x2ffe05c0                SGI9_IRQHandler
 .text.SGI10_IRQHandler
                0x2ffe05ce        0xe Drivers/CMSIS/Device/ST/STM32MP13xx/Source/Templates/gcc/startup_stm32mp135c_ca7.cc.o
                0x2ffe05ce                SGI10_IRQHandler
 .text.SGI11_IRQHandler
                0x2ffe05dc        0xe Drivers/CMSIS/Device/ST/STM32MP13xx/Source/Templates/gcc/startup_stm32mp135c_ca7.cc.o
                0x2ffe05dc                SGI11_IRQHandler
 .text.SGI12_IRQHandler
                0x2ffe05ea        0xe Drivers/CMSIS/Device/ST/STM32MP13xx/Source/Templates/gcc/startup_stm32mp135c_ca7.cc.o
                0x2ffe05ea                SGI12_IRQHandler
 .text.SGI13_IRQHandler
                0x2ffe05f8        0xe Drivers/CMSIS/Device/ST/STM32MP13xx/Source/Templates/gcc/startup_stm32mp135c_ca7.cc.o
                0x2ffe05f8                SGI13_IRQHandler
 .text.SGI14_IRQHandler
                0x2ffe0606        0xe Drivers/CMSIS/Device/ST/STM32MP13xx/Source/Templates/gcc/startup_stm32mp135c_ca7.cc.o
                0x2ffe0606                SGI14_IRQHandler
 .text.SGI15_IRQHandler
                0x2ffe0614        0xe Drivers/CMSIS/Device/ST/STM32MP13xx/Source/Templates/gcc/startup_stm32mp135c_ca7.cc.o
                0x2ffe0614                SGI15_IRQHandler
 .text.VirtualMaintenanceInterrupt_IRQHandler
                0x2ffe0622        0xe Drivers/CMSIS/Device/ST/STM32MP13xx/Source/Templates/gcc/startup_stm32mp135c_ca7.cc.o
                0x2ffe0622                VirtualMaintenanceInterrupt_IRQHandler
 .text.HypervisorTimer_IRQHandler
                0x2ffe0630        0xe Drivers/CMSIS/Device/ST/STM32MP13xx/Source/Templates/gcc/startup_stm32mp135c_ca7.cc.o
                0x2ffe0630                HypervisorTimer_IRQHandler
 .text.VirtualTimer_IRQHandler
                0x2ffe063e        0xe Drivers/CMSIS/Device/ST/STM32MP13xx/Source/Templates/gcc/startup_stm32mp135c_ca7.cc.o
                0x2ffe063e                VirtualTimer_IRQHandler
 .text.Legacy_nFIQ_IRQHandler
                0x2ffe064c        0xe Drivers/CMSIS/Device/ST/STM32MP13xx/Source/Templates/gcc/startup_stm32mp135c_ca7.cc.o
                0x2ffe064c                Legacy_nFIQ_IRQHandler
 .text.NonSecurePhysicalTimer_IRQHandler
                0x2ffe065a        0xe Drivers/CMSIS/Device/ST/STM32MP13xx/Source/Templates/gcc/startup_stm32mp135c_ca7.cc.o
                0x2ffe065a                NonSecurePhysicalTimer_IRQHandler
 .text.Legacy_nIRQ_IRQHandler
                0x2ffe0668        0xe Drivers/CMSIS/Device/ST/STM32MP13xx/Source/Templates/gcc/startup_stm32mp135c_ca7.cc.o
                0x2ffe0668                Legacy_nIRQ_IRQHandler
 .text.PVD_AVD_IRQHandler
                0x2ffe0676        0xe Drivers/CMSIS/Device/ST/STM32MP13xx/Source/Templates/gcc/startup_stm32mp135c_ca7.cc.o
                0x2ffe0676                PVD_AVD_IRQHandler
 .text.TAMP_IRQHandler
                0x2ffe0684        0xe Drivers/CMSIS/Device/ST/STM32MP13xx/Source/Templates/gcc/startup_stm32mp135c_ca7.cc.o
                0x2ffe0684                TAMP_IRQHandler
 .text.RTC_WKUP_ALARM_IRQHandler
                0x2ffe0692        0xe Drivers/CMSIS/Device/ST/STM32MP13xx/Source/Templates/gcc/startup_stm32mp135c_ca7.cc.o
                0x2ffe0692                RTC_WKUP_ALARM_IRQHandler
 .text.TZC_IT_IRQHandler
                0x2ffe06a0        0xe Drivers/CMSIS/Device/ST/STM32MP13xx/Source/Templates/gcc/startup_stm32mp135c_ca7.cc.o
                0x2ffe06a0                TZC_IT_IRQHandler
 .text.RCC_IRQHandler
                0x2ffe06ae        0xe Drivers/CMSIS/Device/ST/STM32MP13xx/Source/Templates/gcc/startup_stm32mp135c_ca7.cc.o
                0x2ffe06ae                RCC_IRQHandler
 .text.EXTI0_IRQHandler
                0x2ffe06bc        0xe Drivers/CMSIS/Device/ST/STM32MP13xx/Source/Templates/gcc/startup_stm32mp135c_ca7.cc.o
                0x2ffe06bc                EXTI0_IRQHandler
 .text.EXTI1_IRQHandler
                0x2ffe06ca        0xe Drivers/CMSIS/Device/ST/STM32MP13xx/Source/Templates/gcc/startup_stm32mp135c_ca7.cc.o
                0x2ffe06ca                EXTI1_IRQHandler
 .text.EXTI2_IRQHandler
                0x2ffe06d8        0xe Drivers/CMSIS/Device/ST/STM32MP13xx/Source/Templates/gcc/startup_stm32mp135c_ca7.cc.o
                0x2ffe06d8                EXTI2_IRQHandler
 .text.EXTI3_IRQHandler
                0x2ffe06e6        0xe Drivers/CMSIS/Device/ST/STM32MP13xx/Source/Templates/gcc/startup_stm32mp135c_ca7.cc.o
                0x2ffe06e6                EXTI3_IRQHandler
 .text.EXTI4_IRQHandler
                0x2ffe06f4        0xe Drivers/CMSIS/Device/ST/STM32MP13xx/Source/Templates/gcc/startup_stm32mp135c_ca7.cc.o
                0x2ffe06f4                EXTI4_IRQHandler
 .text.DMA1_Stream0_IRQHandler
                0x2ffe0702        0xe Drivers/CMSIS/Device/ST/STM32MP13xx/Source/Templates/gcc/startup_stm32mp135c_ca7.cc.o
                0x2ffe0702                DMA1_Stream0_IRQHandler
 .text.DMA1_Stream1_IRQHandler
                0x2ffe0710        0xe Drivers/CMSIS/Device/ST/STM32MP13xx/Source/Templates/gcc/startup_stm32mp135c_ca7.cc.o
                0x2ffe0710                DMA1_Stream1_IRQHandler
 .text.DMA1_Stream2_IRQHandler
                0x2ffe071e        0xe Drivers/CMSIS/Device/ST/STM32MP13xx/Source/Templates/gcc/startup_stm32mp135c_ca7.cc.o
                0x2ffe071e                DMA1_Stream2_IRQHandler
 .text.DMA1_Stream3_IRQHandler
                0x2ffe072c        0xe Drivers/CMSIS/Device/ST/STM32MP13xx/Source/Templates/gcc/startup_stm32mp135c_ca7.cc.o
                0x2ffe072c                DMA1_Stream3_IRQHandler
 .text.DMA1_Stream4_IRQHandler
                0x2ffe073a        0xe Drivers/CMSIS/Device/ST/STM32MP13xx/Source/Templates/gcc/startup_stm32mp135c_ca7.cc.o
                0x2ffe073a                DMA1_Stream4_IRQHandler
 .text.DMA1_Stream5_IRQHandler
                0x2ffe0748        0xe Drivers/CMSIS/Device/ST/STM32MP13xx/Source/Templates/gcc/startup_stm32mp135c_ca7.cc.o
                0x2ffe0748                DMA1_Stream5_IRQHandler
 .text.DMA1_Stream6_IRQHandler
                0x2ffe0756        0xe Drivers/CMSIS/Device/ST/STM32MP13xx/Source/Templates/gcc/startup_stm32mp135c_ca7.cc.o
                0x2ffe0756                DMA1_Stream6_IRQHandler
 .text.ADC1_IRQHandler
                0x2ffe0764        0xe Drivers/CMSIS/Device/ST/STM32MP13xx/Source/Templates/gcc/startup_stm32mp135c_ca7.cc.o
                0x2ffe0764                ADC1_IRQHandler
 .text.ADC2_IRQHandler
                0x2ffe0772        0xe Drivers/CMSIS/Device/ST/STM32MP13xx/Source/Templates/gcc/startup_stm32mp135c_ca7.cc.o
                0x2ffe0772                ADC2_IRQHandler
 .text.FDCAN1_IT0_IRQHandler
                0x2ffe0780        0xe Drivers/CMSIS/Device/ST/STM32MP13xx/Source/Templates/gcc/startup_stm32mp135c_ca7.cc.o
                0x2ffe0780                FDCAN1_IT0_IRQHandler
 .text.FDCAN2_IT0_IRQHandler
                0x2ffe078e        0xe Drivers/CMSIS/Device/ST/STM32MP13xx/Source/Templates/gcc/startup_stm32mp135c_ca7.cc.o
                0x2ffe078e                FDCAN2_IT0_IRQHandler
 .text.FDCAN1_IT1_IRQHandler
                0x2ffe079c        0xe Drivers/CMSIS/Device/ST/STM32MP13xx/Source/Templates/gcc/startup_stm32mp135c_ca7.cc.o
                0x2ffe079c                FDCAN1_IT1_IRQHandler
 .text.FDCAN2_IT1_IRQHandler
                0x2ffe07aa        0xe Drivers/CMSIS/Device/ST/STM32MP13xx/Source/Templates/gcc/startup_stm32mp135c_ca7.cc.o
                0x2ffe07aa                FDCAN2_IT1_IRQHandler
 .text.EXTI5_IRQHandler
                0x2ffe07b8        0xe Drivers/CMSIS/Device/ST/STM32MP13xx/Source/Templates/gcc/startup_stm32mp135c_ca7.cc.o
                0x2ffe07b8                EXTI5_IRQHandler
 .text.TIM1_BRK_IRQHandler
                0x2ffe07c6        0xe Drivers/CMSIS/Device/ST/STM32MP13xx/Source/Templates/gcc/startup_stm32mp135c_ca7.cc.o
                0x2ffe07c6                TIM1_BRK_IRQHandler
 .text.TIM1_UP_IRQHandler
                0x2ffe07d4        0xe Drivers/CMSIS/Device/ST/STM32MP13xx/Source/Templates/gcc/startup_stm32mp135c_ca7.cc.o
                0x2ffe07d4                TIM1_UP_IRQHandler
 .text.TIM1_TRG_COM_IRQHandler
                0x2ffe07e2        0xe Drivers/CMSIS/Device/ST/STM32MP13xx/Source/Templates/gcc/startup_stm32mp135c_ca7.cc.o
                0x2ffe07e2                TIM1_TRG_COM_IRQHandler
 .text.TIM1_CC_IRQHandler
                0x2ffe07f0        0xe Drivers/CMSIS/Device/ST/STM32MP13xx/Source/Templates/gcc/startup_stm32mp135c_ca7.cc.o
                0x2ffe07f0                TIM1_CC_IRQHandler
 .text.TIM2_IRQHandler
                0x2ffe07fe        0xe Drivers/CMSIS/Device/ST/STM32MP13xx/Source/Templates/gcc/startup_stm32mp135c_ca7.cc.o
                0x2ffe07fe                TIM2_IRQHandler
 .text.TIM3_IRQHandler
                0x2ffe080c        0xe Drivers/CMSIS/Device/ST/STM32MP13xx/Source/Templates/gcc/startup_stm32mp135c_ca7.cc.o
                0x2ffe080c                TIM3_IRQHandler
 .text.TIM4_IRQHandler
                0x2ffe081a        0xe Drivers/CMSIS/Device/ST/STM32MP13xx/Source/Templates/gcc/startup_stm32mp135c_ca7.cc.o
                0x2ffe081a                TIM4_IRQHandler
 .text.I2C1_EV_IRQHandler
                0x2ffe0828        0xe Drivers/CMSIS/Device/ST/STM32MP13xx/Source/Templates/gcc/startup_stm32mp135c_ca7.cc.o
                0x2ffe0828                I2C1_EV_IRQHandler
 .text.I2C1_ER_IRQHandler
                0x2ffe0836        0xe Drivers/CMSIS/Device/ST/STM32MP13xx/Source/Templates/gcc/startup_stm32mp135c_ca7.cc.o
                0x2ffe0836                I2C1_ER_IRQHandler
 .text.I2C2_EV_IRQHandler
                0x2ffe0844        0xe Drivers/CMSIS/Device/ST/STM32MP13xx/Source/Templates/gcc/startup_stm32mp135c_ca7.cc.o
                0x2ffe0844                I2C2_EV_IRQHandler
 .text.I2C2_ER_IRQHandler
                0x2ffe0852        0xe Drivers/CMSIS/Device/ST/STM32MP13xx/Source/Templates/gcc/startup_stm32mp135c_ca7.cc.o
                0x2ffe0852                I2C2_ER_IRQHandler
 .text.SPI1_IRQHandler
                0x2ffe0860        0xe Drivers/CMSIS/Device/ST/STM32MP13xx/Source/Templates/gcc/startup_stm32mp135c_ca7.cc.o
                0x2ffe0860                SPI1_IRQHandler
 .text.SPI2_IRQHandler
                0x2ffe086e        0xe Drivers/CMSIS/Device/ST/STM32MP13xx/Source/Templates/gcc/startup_stm32mp135c_ca7.cc.o
                0x2ffe086e                SPI2_IRQHandler
 .text.USART1_IRQHandler
                0x2ffe087c        0xe Drivers/CMSIS/Device/ST/STM32MP13xx/Source/Templates/gcc/startup_stm32mp135c_ca7.cc.o
                0x2ffe087c                USART1_IRQHandler
 .text.USART2_IRQHandler
                0x2ffe088a        0xe Drivers/CMSIS/Device/ST/STM32MP13xx/Source/Templates/gcc/startup_stm32mp135c_ca7.cc.o
                0x2ffe088a                USART2_IRQHandler
 .text.USART3_IRQHandler
                0x2ffe0898        0xe Drivers/CMSIS/Device/ST/STM32MP13xx/Source/Templates/gcc/startup_stm32mp135c_ca7.cc.o
                0x2ffe0898                USART3_IRQHandler
 .text.EXTI10_IRQHandler
                0x2ffe08a6        0xe Drivers/CMSIS/Device/ST/STM32MP13xx/Source/Templates/gcc/startup_stm32mp135c_ca7.cc.o
                0x2ffe08a6                EXTI10_IRQHandler
 .text.RTC_TIMESTAMP_IRQHandler
                0x2ffe08b4        0xe Drivers/CMSIS/Device/ST/STM32MP13xx/Source/Templates/gcc/startup_stm32mp135c_ca7.cc.o
                0x2ffe08b4                RTC_TIMESTAMP_IRQHandler
 .text.EXTI11_IRQHandler
                0x2ffe08c2        0xe Drivers/CMSIS/Device/ST/STM32MP13xx/Source/Templates/gcc/startup_stm32mp135c_ca7.cc.o
                0x2ffe08c2                EXTI11_IRQHandler
 .text.TIM8_BRK_IRQHandler
                0x2ffe08d0        0xe Drivers/CMSIS/Device/ST/STM32MP13xx/Source/Templates/gcc/startup_stm32mp135c_ca7.cc.o
                0x2ffe08d0                TIM8_BRK_IRQHandler
 .text.TIM8_UP_IRQHandler
                0x2ffe08de        0xe Drivers/CMSIS/Device/ST/STM32MP13xx/Source/Templates/gcc/startup_stm32mp135c_ca7.cc.o
                0x2ffe08de                TIM8_UP_IRQHandler
 .text.TIM8_TRG_COM_IRQHandler
                0x2ffe08ec        0xe Drivers/CMSIS/Device/ST/STM32MP13xx/Source/Templates/gcc/startup_stm32mp135c_ca7.cc.o
                0x2ffe08ec                TIM8_TRG_COM_IRQHandler
 .text.TIM8_CC_IRQHandler
                0x2ffe08fa        0xe Drivers/CMSIS/Device/ST/STM32MP13xx/Source/Templates/gcc/startup_stm32mp135c_ca7.cc.o
                0x2ffe08fa                TIM8_CC_IRQHandler
 .text.DMA1_Stream7_IRQHandler
                0x2ffe0908        0xe Drivers/CMSIS/Device/ST/STM32MP13xx/Source/Templates/gcc/startup_stm32mp135c_ca7.cc.o
                0x2ffe0908                DMA1_Stream7_IRQHandler
 .text.FMC_IRQHandler
                0x2ffe0916        0xe Drivers/CMSIS/Device/ST/STM32MP13xx/Source/Templates/gcc/startup_stm32mp135c_ca7.cc.o
                0x2ffe0916                FMC_IRQHandler
 .text.SDMMC1_IRQHandler
                0x2ffe0924        0xe Drivers/CMSIS/Device/ST/STM32MP13xx/Source/Templates/gcc/startup_stm32mp135c_ca7.cc.o
                0x2ffe0924                SDMMC1_IRQHandler
 .text.TIM5_IRQHandler
                0x2ffe0932        0xe Drivers/CMSIS/Device/ST/STM32MP13xx/Source/Templates/gcc/startup_stm32mp135c_ca7.cc.o
                0x2ffe0932                TIM5_IRQHandler
 .text.SPI3_IRQHandler
                0x2ffe0940        0xe Drivers/CMSIS/Device/ST/STM32MP13xx/Source/Templates/gcc/startup_stm32mp135c_ca7.cc.o
                0x2ffe0940                SPI3_IRQHandler
 .text.UART4_IRQHandler
                0x2ffe094e        0xe Drivers/CMSIS/Device/ST/STM32MP13xx/Source/Templates/gcc/startup_stm32mp135c_ca7.cc.o
                0x2ffe094e                UART4_IRQHandler
 .text.UART5_IRQHandler
                0x2ffe095c        0xe Drivers/CMSIS/Device/ST/STM32MP13xx/Source/Templates/gcc/startup_stm32mp135c_ca7.cc.o
                0x2ffe095c                UART5_IRQHandler
 .text.TIM6_IRQHandler
                0x2ffe096a        0xe Drivers/CMSIS/Device/ST/STM32MP13xx/Source/Templates/gcc/startup_stm32mp135c_ca7.cc.o
                0x2ffe096a                TIM6_IRQHandler
 .text.TIM7_IRQHandler
                0x2ffe0978        0xe Drivers/CMSIS/Device/ST/STM32MP13xx/Source/Templates/gcc/startup_stm32mp135c_ca7.cc.o
                0x2ffe0978                TIM7_IRQHandler
 .text.DMA2_Stream0_IRQHandler
                0x2ffe0986        0xe Drivers/CMSIS/Device/ST/STM32MP13xx/Source/Templates/gcc/startup_stm32mp135c_ca7.cc.o
                0x2ffe0986                DMA2_Stream0_IRQHandler
 .text.DMA2_Stream1_IRQHandler
                0x2ffe0994        0xe Drivers/CMSIS/Device/ST/STM32MP13xx/Source/Templates/gcc/startup_stm32mp135c_ca7.cc.o
                0x2ffe0994                DMA2_Stream1_IRQHandler
 .text.DMA2_Stream2_IRQHandler
                0x2ffe09a2        0xe Drivers/CMSIS/Device/ST/STM32MP13xx/Source/Templates/gcc/startup_stm32mp135c_ca7.cc.o
                0x2ffe09a2                DMA2_Stream2_IRQHandler
 .text.DMA2_Stream3_IRQHandler
                0x2ffe09b0        0xe Drivers/CMSIS/Device/ST/STM32MP13xx/Source/Templates/gcc/startup_stm32mp135c_ca7.cc.o
                0x2ffe09b0                DMA2_Stream3_IRQHandler
 .text.DMA2_Stream4_IRQHandler
                0x2ffe09be        0xe Drivers/CMSIS/Device/ST/STM32MP13xx/Source/Templates/gcc/startup_stm32mp135c_ca7.cc.o
                0x2ffe09be                DMA2_Stream4_IRQHandler
 .text.ETH1_IRQHandler
                0x2ffe09cc        0xe Drivers/CMSIS/Device/ST/STM32MP13xx/Source/Templates/gcc/startup_stm32mp135c_ca7.cc.o
                0x2ffe09cc                ETH1_IRQHandler
 .text.ETH1_WKUP_IRQHandler
                0x2ffe09da        0xe Drivers/CMSIS/Device/ST/STM32MP13xx/Source/Templates/gcc/startup_stm32mp135c_ca7.cc.o
                0x2ffe09da                ETH1_WKUP_IRQHandler
 .text.FDCAN_CAL_IRQHandler
                0x2ffe09e8        0xe Drivers/CMSIS/Device/ST/STM32MP13xx/Source/Templates/gcc/startup_stm32mp135c_ca7.cc.o
                0x2ffe09e8                FDCAN_CAL_IRQHandler
 .text.EXTI6_IRQHandler
                0x2ffe09f6        0xe Drivers/CMSIS/Device/ST/STM32MP13xx/Source/Templates/gcc/startup_stm32mp135c_ca7.cc.o
                0x2ffe09f6                EXTI6_IRQHandler
 .text.EXTI7_IRQHandler
                0x2ffe0a04        0xe Drivers/CMSIS/Device/ST/STM32MP13xx/Source/Templates/gcc/startup_stm32mp135c_ca7.cc.o
                0x2ffe0a04                EXTI7_IRQHandler
 .text.EXTI8_IRQHandler
                0x2ffe0a12        0xe Drivers/CMSIS/Device/ST/STM32MP13xx/Source/Templates/gcc/startup_stm32mp135c_ca7.cc.o
                0x2ffe0a12                EXTI8_IRQHandler
 .text.EXTI9_IRQHandler
                0x2ffe0a20        0xe Drivers/CMSIS/Device/ST/STM32MP13xx/Source/Templates/gcc/startup_stm32mp135c_ca7.cc.o
                0x2ffe0a20                EXTI9_IRQHandler
 .text.DMA2_Stream5_IRQHandler
                0x2ffe0a2e        0xe Drivers/CMSIS/Device/ST/STM32MP13xx/Source/Templates/gcc/startup_stm32mp135c_ca7.cc.o
                0x2ffe0a2e                DMA2_Stream5_IRQHandler
 .text.DMA2_Stream6_IRQHandler
                0x2ffe0a3c        0xe Drivers/CMSIS/Device/ST/STM32MP13xx/Source/Templates/gcc/startup_stm32mp135c_ca7.cc.o
                0x2ffe0a3c                DMA2_Stream6_IRQHandler
 .text.DMA2_Stream7_IRQHandler
                0x2ffe0a4a        0xe Drivers/CMSIS/Device/ST/STM32MP13xx/Source/Templates/gcc/startup_stm32mp135c_ca7.cc.o
                0x2ffe0a4a                DMA2_Stream7_IRQHandler
 .text.USART6_IRQHandler
                0x2ffe0a58        0xe Drivers/CMSIS/Device/ST/STM32MP13xx/Source/Templates/gcc/startup_stm32mp135c_ca7.cc.o
                0x2ffe0a58                USART6_IRQHandler
 .text.I2C3_EV_IRQHandler
                0x2ffe0a66        0xe Drivers/CMSIS/Device/ST/STM32MP13xx/Source/Templates/gcc/startup_stm32mp135c_ca7.cc.o
                0x2ffe0a66                I2C3_EV_IRQHandler
 .text.I2C3_ER_IRQHandler
                0x2ffe0a74        0xe Drivers/CMSIS/Device/ST/STM32MP13xx/Source/Templates/gcc/startup_stm32mp135c_ca7.cc.o
                0x2ffe0a74                I2C3_ER_IRQHandler
 .text.USBH_PORT1_IRQHandler
                0x2ffe0a82        0xe Drivers/CMSIS/Device/ST/STM32MP13xx/Source/Templates/gcc/startup_stm32mp135c_ca7.cc.o
                0x2ffe0a82                USBH_PORT1_IRQHandler
 .text.USBH_PORT2_IRQHandler
                0x2ffe0a90        0xe Drivers/CMSIS/Device/ST/STM32MP13xx/Source/Templates/gcc/startup_stm32mp135c_ca7.cc.o
                0x2ffe0a90                USBH_PORT2_IRQHandler
 .text.EXTI12_IRQHandler
                0x2ffe0a9e        0xe Drivers/CMSIS/Device/ST/STM32MP13xx/Source/Templates/gcc/startup_stm32mp135c_ca7.cc.o
                0x2ffe0a9e                EXTI12_IRQHandler
 .text.EXTI13_IRQHandler
                0x2ffe0aac        0xe Drivers/CMSIS/Device/ST/STM32MP13xx/Source/Templates/gcc/startup_stm32mp135c_ca7.cc.o
                0x2ffe0aac                EXTI13_IRQHandler
 .text.DCMIPP_IRQHandler
                0x2ffe0aba        0xe Drivers/CMSIS/Device/ST/STM32MP13xx/Source/Templates/gcc/startup_stm32mp135c_ca7.cc.o
                0x2ffe0aba                DCMIPP_IRQHandler
 .text.CRYP1_IRQHandler
                0x2ffe0ac8        0xe Drivers/CMSIS/Device/ST/STM32MP13xx/Source/Templates/gcc/startup_stm32mp135c_ca7.cc.o
                0x2ffe0ac8                CRYP1_IRQHandler
 .text.HASH1_IRQHandler
                0x2ffe0ad6        0xe Drivers/CMSIS/Device/ST/STM32MP13xx/Source/Templates/gcc/startup_stm32mp135c_ca7.cc.o
                0x2ffe0ad6                HASH1_IRQHandler
 .text.SAES_IRQHandler
                0x2ffe0ae4        0xe Drivers/CMSIS/Device/ST/STM32MP13xx/Source/Templates/gcc/startup_stm32mp135c_ca7.cc.o
                0x2ffe0ae4                SAES_IRQHandler
 .text.UART7_IRQHandler
                0x2ffe0af2        0xe Drivers/CMSIS/Device/ST/STM32MP13xx/Source/Templates/gcc/startup_stm32mp135c_ca7.cc.o
                0x2ffe0af2                UART7_IRQHandler
 .text.UART8_IRQHandler
                0x2ffe0b00        0xe Drivers/CMSIS/Device/ST/STM32MP13xx/Source/Templates/gcc/startup_stm32mp135c_ca7.cc.o
                0x2ffe0b00                UART8_IRQHandler
 .text.SPI4_IRQHandler
                0x2ffe0b0e        0xe Drivers/CMSIS/Device/ST/STM32MP13xx/Source/Templates/gcc/startup_stm32mp135c_ca7.cc.o
                0x2ffe0b0e                SPI4_IRQHandler
 .text.SPI5_IRQHandler
                0x2ffe0b1c        0xe Drivers/CMSIS/Device/ST/STM32MP13xx/Source/Templates/gcc/startup_stm32mp135c_ca7.cc.o
                0x2ffe0b1c                SPI5_IRQHandler
 .text.SAI1_IRQHandler
                0x2ffe0b2a        0xe Drivers/CMSIS/Device/ST/STM32MP13xx/Source/Templates/gcc/startup_stm32mp135c_ca7.cc.o
                0x2ffe0b2a                SAI1_IRQHandler
 .text.LTDC_IRQHandler
                0x2ffe0b38        0xe Drivers/CMSIS/Device/ST/STM32MP13xx/Source/Templates/gcc/startup_stm32mp135c_ca7.cc.o
                0x2ffe0b38                LTDC_IRQHandler
 .text.LTDC_ER_IRQHandler
                0x2ffe0b46        0xe Drivers/CMSIS/Device/ST/STM32MP13xx/Source/Templates/gcc/startup_stm32mp135c_ca7.cc.o
                0x2ffe0b46                LTDC_ER_IRQHandler
 .text.SAI2_IRQHandler
                0x2ffe0b54        0xe Drivers/CMSIS/Device/ST/STM32MP13xx/Source/Templates/gcc/startup_stm32mp135c_ca7.cc.o
                0x2ffe0b54                SAI2_IRQHandler
 .text.QUADSPI_IRQHandler
                0x2ffe0b62        0xe Drivers/CMSIS/Device/ST/STM32MP13xx/Source/Templates/gcc/startup_stm32mp135c_ca7.cc.o
                0x2ffe0b62                QUADSPI_IRQHandler
 .text.LPTIM1_IRQHandler
                0x2ffe0b70        0xe Drivers/CMSIS/Device/ST/STM32MP13xx/Source/Templates/gcc/startup_stm32mp135c_ca7.cc.o
                0x2ffe0b70                LPTIM1_IRQHandler
 .text.I2C4_EV_IRQHandler
                0x2ffe0b7e        0xe Drivers/CMSIS/Device/ST/STM32MP13xx/Source/Templates/gcc/startup_stm32mp135c_ca7.cc.o
                0x2ffe0b7e                I2C4_EV_IRQHandler
 .text.I2C4_ER_IRQHandler
                0x2ffe0b8c        0xe Drivers/CMSIS/Device/ST/STM32MP13xx/Source/Templates/gcc/startup_stm32mp135c_ca7.cc.o
                0x2ffe0b8c                I2C4_ER_IRQHandler
 .text.SPDIF_RX_IRQHandler
                0x2ffe0b9a        0xe Drivers/CMSIS/Device/ST/STM32MP13xx/Source/Templates/gcc/startup_stm32mp135c_ca7.cc.o
                0x2ffe0b9a                SPDIF_RX_IRQHandler
 .text.OTG_IRQHandler
                0x2ffe0ba8        0xe Drivers/CMSIS/Device/ST/STM32MP13xx/Source/Templates/gcc/startup_stm32mp135c_ca7.cc.o
                0x2ffe0ba8                OTG_IRQHandler
 .text.ETH2_IRQHandler
                0x2ffe0bb6        0xe Drivers/CMSIS/Device/ST/STM32MP13xx/Source/Templates/gcc/startup_stm32mp135c_ca7.cc.o
                0x2ffe0bb6                ETH2_IRQHandler
 .text.ETH2_WKUP_IRQHandler
                0x2ffe0bc4        0xe Drivers/CMSIS/Device/ST/STM32MP13xx/Source/Templates/gcc/startup_stm32mp135c_ca7.cc.o
                0x2ffe0bc4                ETH2_WKUP_IRQHandler
 .text.DMAMUX1_OVR_IRQHandler
                0x2ffe0bd2        0xe Drivers/CMSIS/Device/ST/STM32MP13xx/Source/Templates/gcc/startup_stm32mp135c_ca7.cc.o
                0x2ffe0bd2                DMAMUX1_OVR_IRQHandler
 .text.DMAMUX2_OVR_IRQHandler
                0x2ffe0be0        0xe Drivers/CMSIS/Device/ST/STM32MP13xx/Source/Templates/gcc/startup_stm32mp135c_ca7.cc.o
                0x2ffe0be0                DMAMUX2_OVR_IRQHandler
 .text.TIM15_IRQHandler
                0x2ffe0bee        0xe Drivers/CMSIS/Device/ST/STM32MP13xx/Source/Templates/gcc/startup_stm32mp135c_ca7.cc.o
                0x2ffe0bee                TIM15_IRQHandler
 .text.TIM16_IRQHandler
                0x2ffe0bfc        0xe Drivers/CMSIS/Device/ST/STM32MP13xx/Source/Templates/gcc/startup_stm32mp135c_ca7.cc.o
                0x2ffe0bfc                TIM16_IRQHandler
 .text.TIM17_IRQHandler
                0x2ffe0c0a        0xe Drivers/CMSIS/Device/ST/STM32MP13xx/Source/Templates/gcc/startup_stm32mp135c_ca7.cc.o
                0x2ffe0c0a                TIM17_IRQHandler
 .text.TIM12_IRQHandler
                0x2ffe0c18        0xe Drivers/CMSIS/Device/ST/STM32MP13xx/Source/Templates/gcc/startup_stm32mp135c_ca7.cc.o
                0x2ffe0c18                TIM12_IRQHandler
 .text.PKA_IRQHandler
                0x2ffe0c26        0xe Drivers/CMSIS/Device/ST/STM32MP13xx/Source/Templates/gcc/startup_stm32mp135c_ca7.cc.o
                0x2ffe0c26                PKA_IRQHandler
 .text.EXTI14_IRQHandler
                0x2ffe0c34        0xe Drivers/CMSIS/Device/ST/STM32MP13xx/Source/Templates/gcc/startup_stm32mp135c_ca7.cc.o
                0x2ffe0c34                EXTI14_IRQHandler
 .text.MDMA_IRQHandler
                0x2ffe0c42        0xe Drivers/CMSIS/Device/ST/STM32MP13xx/Source/Templates/gcc/startup_stm32mp135c_ca7.cc.o
                0x2ffe0c42                MDMA_IRQHandler
 .text.SDMMC2_IRQHandler
                0x2ffe0c50        0xe Drivers/CMSIS/Device/ST/STM32MP13xx/Source/Templates/gcc/startup_stm32mp135c_ca7.cc.o
                0x2ffe0c50                SDMMC2_IRQHandler
 .text.EXTI15_IRQHandler
                0x2ffe0c5e        0xe Drivers/CMSIS/Device/ST/STM32MP13xx/Source/Templates/gcc/startup_stm32mp135c_ca7.cc.o
                0x2ffe0c5e                EXTI15_IRQHandler
 .text.MDMA_SEC_IT_IRQHandler
                0x2ffe0c6c        0xe Drivers/CMSIS/Device/ST/STM32MP13xx/Source/Templates/gcc/startup_stm32mp135c_ca7.cc.o
                0x2ffe0c6c                MDMA_SEC_IT_IRQHandler
 .text.TIM13_IRQHandler
                0x2ffe0c7a        0xe Drivers/CMSIS/Device/ST/STM32MP13xx/Source/Templates/gcc/startup_stm32mp135c_ca7.cc.o
                0x2ffe0c7a                TIM13_IRQHandler
 .text.TIM14_IRQHandler
                0x2ffe0c88        0xe Drivers/CMSIS/Device/ST/STM32MP13xx/Source/Templates/gcc/startup_stm32mp135c_ca7.cc.o
                0x2ffe0c88                TIM14_IRQHandler
 .text.RNG1_IRQHandler
                0x2ffe0c96        0xe Drivers/CMSIS/Device/ST/STM32MP13xx/Source/Templates/gcc/startup_stm32mp135c_ca7.cc.o
                0x2ffe0c96                RNG1_IRQHandler
 .text.I2C5_EV_IRQHandler
                0x2ffe0ca4        0xe Drivers/CMSIS/Device/ST/STM32MP13xx/Source/Templates/gcc/startup_stm32mp135c_ca7.cc.o
                0x2ffe0ca4                I2C5_EV_IRQHandler
 .text.I2C5_ER_IRQHandler
                0x2ffe0cb2        0xe Drivers/CMSIS/Device/ST/STM32MP13xx/Source/Templates/gcc/startup_stm32mp135c_ca7.cc.o
                0x2ffe0cb2                I2C5_ER_IRQHandler
 .text.LPTIM2_IRQHandler
                0x2ffe0cc0        0xe Drivers/CMSIS/Device/ST/STM32MP13xx/Source/Templates/gcc/startup_stm32mp135c_ca7.cc.o
                0x2ffe0cc0                LPTIM2_IRQHandler
 .text.LPTIM3_IRQHandler
                0x2ffe0cce        0xe Drivers/CMSIS/Device/ST/STM32MP13xx/Source/Templates/gcc/startup_stm32mp135c_ca7.cc.o
                0x2ffe0cce                LPTIM3_IRQHandler
 .text.LPTIM4_IRQHandler
                0x2ffe0cdc        0xe Drivers/CMSIS/Device/ST/STM32MP13xx/Source/Templates/gcc/startup_stm32mp135c_ca7.cc.o
                0x2ffe0cdc                LPTIM4_IRQHandler
 .text.LPTIM5_IRQHandler
                0x2ffe0cea        0xe Drivers/CMSIS/Device/ST/STM32MP13xx/Source/Templates/gcc/startup_stm32mp135c_ca7.cc.o
                0x2ffe0cea                LPTIM5_IRQHandler
 .text.ETH1_LPI_IRQHandler
                0x2ffe0cf8        0xe Drivers/CMSIS/Device/ST/STM32MP13xx/Source/Templates/gcc/startup_stm32mp135c_ca7.cc.o
                0x2ffe0cf8                ETH1_LPI_IRQHandler
 .text.ETH2_LPI_IRQHandler
                0x2ffe0d06        0xe Drivers/CMSIS/Device/ST/STM32MP13xx/Source/Templates/gcc/startup_stm32mp135c_ca7.cc.o
                0x2ffe0d06                ETH2_LPI_IRQHandler
 .text.RCC_WAKEUP__IRQHandler
                0x2ffe0d14        0xe Drivers/CMSIS/Device/ST/STM32MP13xx/Source/Templates/gcc/startup_stm32mp135c_ca7.cc.o
                0x2ffe0d14                RCC_WAKEUP__IRQHandler
 .text.DTS_IRQHandler
                0x2ffe0d22        0xe Drivers/CMSIS/Device/ST/STM32MP13xx/Source/Templates/gcc/startup_stm32mp135c_ca7.cc.o
                0x2ffe0d22                DTS_IRQHandler
 .text.MPU_WAKEUP_PIN_IRQHandler
                0x2ffe0d30        0xe Drivers/CMSIS/Device/ST/STM32MP13xx/Source/Templates/gcc/startup_stm32mp135c_ca7.cc.o
                0x2ffe0d30                MPU_WAKEUP_PIN_IRQHandler
 .text.IWDG1_IRQHandler
                0x2ffe0d3e        0xe Drivers/CMSIS/Device/ST/STM32MP13xx/Source/Templates/gcc/startup_stm32mp135c_ca7.cc.o
                0x2ffe0d3e                IWDG1_IRQHandler
 .text.IWDG2_IRQHandler
                0x2ffe0d4c        0xe Drivers/CMSIS/Device/ST/STM32MP13xx/Source/Templates/gcc/startup_stm32mp135c_ca7.cc.o
                0x2ffe0d4c                IWDG2_IRQHandler
 .text.TAMP_SIRQHandler
                0x2ffe0d5a        0xe Drivers/CMSIS/Device/ST/STM32MP13xx/Source/Templates/gcc/startup_stm32mp135c_ca7.cc.o
                0x2ffe0d5a                TAMP_SIRQHandler
 .text.RTC_WKUP_ALARM_S_IRQHandler
                0x2ffe0d68        0xe Drivers/CMSIS/Device/ST/STM32MP13xx/Source/Templates/gcc/startup_stm32mp135c_ca7.cc.o
                0x2ffe0d68                RTC_WKUP_ALARM_S_IRQHandler
 .text.RTC_TS_S_IRQHandler
                0x2ffe0d76        0xe Drivers/CMSIS/Device/ST/STM32MP13xx/Source/Templates/gcc/startup_stm32mp135c_ca7.cc.o
                0x2ffe0d76                RTC_TS_S_IRQHandler
 .text.LTDC_SEC_IRQHandler
                0x2ffe0d84        0xe Drivers/CMSIS/Device/ST/STM32MP13xx/Source/Templates/gcc/startup_stm32mp135c_ca7.cc.o
                0x2ffe0d84                LTDC_SEC_IRQHandler
 .text.LTDC_SEC_ER_IRQHandler
                0x2ffe0d92        0xe Drivers/CMSIS/Device/ST/STM32MP13xx/Source/Templates/gcc/startup_stm32mp135c_ca7.cc.o
                0x2ffe0d92                LTDC_SEC_ER_IRQHandler
 .text.PMUIRQ0_IRQHandler
                0x2ffe0da0        0xe Drivers/CMSIS/Device/ST/STM32MP13xx/Source/Templates/gcc/startup_stm32mp135c_ca7.cc.o
                0x2ffe0da0                PMUIRQ0_IRQHandler
 .text.COMMRX0_IRQHandler
                0x2ffe0dae        0xe Drivers/CMSIS/Device/ST/STM32MP13xx/Source/Templates/gcc/startup_stm32mp135c_ca7.cc.o
                0x2ffe0dae                COMMRX0_IRQHandler
 .text.COMMTX0_IRQHandler
                0x2ffe0dbc        0xe Drivers/CMSIS/Device/ST/STM32MP13xx/Source/Templates/gcc/startup_stm32mp135c_ca7.cc.o
                0x2ffe0dbc                COMMTX0_IRQHandler
 .text.AXIERRIRQ_IRQHandler
                0x2ffe0dca        0xe Drivers/CMSIS/Device/ST/STM32MP13xx/Source/Templates/gcc/startup_stm32mp135c_ca7.cc.o
                0x2ffe0dca                AXIERRIRQ_IRQHandler
 .text.DDRPERFM_IRQHandler
                0x2ffe0dd8        0xe Drivers/CMSIS/Device/ST/STM32MP13xx/Source/Templates/gcc/startup_stm32mp135c_ca7.cc.o
                0x2ffe0dd8                DDRPERFM_IRQHandler
 .text.nCTIIRQ0_IRQHandler
                0x2ffe0de6        0xe Drivers/CMSIS/Device/ST/STM32MP13xx/Source/Templates/gcc/startup_stm32mp135c_ca7.cc.o
                0x2ffe0de6                nCTIIRQ0_IRQHandler
 .text.MCE_IRQHandler
                0x2ffe0df4        0xe Drivers/CMSIS/Device/ST/STM32MP13xx/Source/Templates/gcc/startup_stm32mp135c_ca7.cc.o
                0x2ffe0df4                MCE_IRQHandler
 .text.DFSDM1_IRQHandler
                0x2ffe0e02        0xe Drivers/CMSIS/Device/ST/STM32MP13xx/Source/Templates/gcc/startup_stm32mp135c_ca7.cc.o
                0x2ffe0e02                DFSDM1_IRQHandler
 .text.DFSDM2_IRQHandler
                0x2ffe0e10        0xe Drivers/CMSIS/Device/ST/STM32MP13xx/Source/Templates/gcc/startup_stm32mp135c_ca7.cc.o
                0x2ffe0e10                DFSDM2_IRQHandler
 .text.DMA3_Stream0_IRQHandler
                0x2ffe0e1e        0xe Drivers/CMSIS/Device/ST/STM32MP13xx/Source/Templates/gcc/startup_stm32mp135c_ca7.cc.o
                0x2ffe0e1e                DMA3_Stream0_IRQHandler
 .text.DMA3_Stream1_IRQHandler
                0x2ffe0e2c        0xe Drivers/CMSIS/Device/ST/STM32MP13xx/Source/Templates/gcc/startup_stm32mp135c_ca7.cc.o
                0x2ffe0e2c                DMA3_Stream1_IRQHandler
 .text.DMA3_Stream2_IRQHandler
                0x2ffe0e3a        0xe Drivers/CMSIS/Device/ST/STM32MP13xx/Source/Templates/gcc/startup_stm32mp135c_ca7.cc.o
                0x2ffe0e3a                DMA3_Stream2_IRQHandler
 .text.DMA3_Stream3_IRQHandler
                0x2ffe0e48        0xe Drivers/CMSIS/Device/ST/STM32MP13xx/Source/Templates/gcc/startup_stm32mp135c_ca7.cc.o
                0x2ffe0e48                DMA3_Stream3_IRQHandler
 .text.DMA3_Stream4_IRQHandler
                0x2ffe0e56        0xe Drivers/CMSIS/Device/ST/STM32MP13xx/Source/Templates/gcc/startup_stm32mp135c_ca7.cc.o
                0x2ffe0e56                DMA3_Stream4_IRQHandler
 .text.DMA3_Stream5_IRQHandler
                0x2ffe0e64        0xe Drivers/CMSIS/Device/ST/STM32MP13xx/Source/Templates/gcc/startup_stm32mp135c_ca7.cc.o
                0x2ffe0e64                DMA3_Stream5_IRQHandler
 .text.DMA3_Stream6_IRQHandler
                0x2ffe0e72        0xe Drivers/CMSIS/Device/ST/STM32MP13xx/Source/Templates/gcc/startup_stm32mp135c_ca7.cc.o
                0x2ffe0e72                DMA3_Stream6_IRQHandler
 .text.DMA3_Stream7_IRQHandler
                0x2ffe0e80        0xe Drivers/CMSIS/Device/ST/STM32MP13xx/Source/Templates/gcc/startup_stm32mp135c_ca7.cc.o
                0x2ffe0e80                DMA3_Stream7_IRQHandler
 .text.Default_Handler
                0x2ffe0e8e        0x8 Drivers/CMSIS/Device/ST/STM32MP13xx/Source/Templates/gcc/startup_stm32mp135c_ca7.cc.o
                0x2ffe0e8e                Undef_Handler
                0x2ffe0e8e                Rsvd_Handler
                0x2ffe0e8e                Default_Handler
                0x2ffe0e8e                SVC_Handler
                0x2ffe0e8e                DAbt_Handler
                0x2ffe0e8e                FIQ_Handler
                0x2ffe0e8e                PAbt_Handler
 .text.PL1_SetCounterFrequency
                0x2ffe0e96       0x26 Drivers/STM32MP13xx_HAL_Driver/Src/stm32mp13xx_hal.cc.o
 .text.PL1_SetLoadValue
                0x2ffe0ebc       0x26 Drivers/STM32MP13xx_HAL_Driver/Src/stm32mp13xx_hal.cc.o
 .text.PL1_GetCurrentPhysicalValue
                0x2ffe0ee2       0x20 Drivers/STM32MP13xx_HAL_Driver/Src/stm32mp13xx_hal.cc.o
 .text.HAL_Init
                0x2ffe0f02       0x2e Drivers/STM32MP13xx_HAL_Driver/Src/stm32mp13xx_hal.cc.o
                0x2ffe0f02                HAL_Init
 .text.HAL_InitTick
                0x2ffe0f30       0x24 Drivers/STM32MP13xx_HAL_Driver/Src/stm32mp13xx_hal.cc.o
                0x2ffe0f30                HAL_InitTick
 .text.HAL_IncTick
                0x2ffe0f54       0x30 Drivers/STM32MP13xx_HAL_Driver/Src/stm32mp13xx_hal.cc.o
                0x2ffe0f54                HAL_IncTick
 .text.HAL_GetTick
                0x2ffe0f84       0x46 Drivers/STM32MP13xx_HAL_Driver/Src/stm32mp13xx_hal.cc.o
                0x2ffe0f84                HAL_GetTick
 .text.HAL_Delay
                0x2ffe0fca       0x48 Drivers/STM32MP13xx_HAL_Driver/Src/stm32mp13xx_hal.cc.o
                0x2ffe0fca                HAL_Delay
 .text.HAL_GPIO_Init
                0x2ffe1012      0x568 Drivers/STM32MP13xx_HAL_Driver/Src/stm32mp13xx_hal_gpio.cc.o
                0x2ffe1012                HAL_GPIO_Init
 .text.HAL_GPIO_TogglePin
                0x2ffe157a       0x46 Drivers/STM32MP13xx_HAL_Driver/Src/stm32mp13xx_hal_gpio.cc.o
                0x2ffe157a                HAL_GPIO_TogglePin
 .text.HAL_RCC_DeInit
                0x2ffe15c0      0x4ea Drivers/STM32MP13xx_HAL_Driver/Src/stm32mp13xx_hal_rcc.cc.o
                0x2ffe15c0                HAL_RCC_DeInit
 .text.HAL_RCC_OscConfig
                0x2ffe1aaa      0x7fe Drivers/STM32MP13xx_HAL_Driver/Src/stm32mp13xx_hal_rcc.cc.o
                0x2ffe1aaa                HAL_RCC_OscConfig
 .text.HAL_RCC_HSEConfig
                0x2ffe22a8      0x118 Drivers/STM32MP13xx_HAL_Driver/Src/stm32mp13xx_hal_rcc.cc.o
                0x2ffe22a8                HAL_RCC_HSEConfig
 .text.HAL_RCC_LSEConfig
                0x2ffe23c0      0x122 Drivers/STM32MP13xx_HAL_Driver/Src/stm32mp13xx_hal_rcc.cc.o
                0x2ffe23c0                HAL_RCC_LSEConfig
 .text.RCC_PLL1_Config
                0x2ffe24e2      0x50c Drivers/STM32MP13xx_HAL_Driver/Src/stm32mp13xx_hal_rcc.cc.o
                0x2ffe24e2                RCC_PLL1_Config
 .text.HAL_RCC_ClockConfig
                0x2ffe29ee      0x454 Drivers/STM32MP13xx_HAL_Driver/Src/stm32mp13xx_hal_rcc.cc.o
                0x2ffe29ee                HAL_RCC_ClockConfig
 *fill*         0x2ffe2e42        0x2 
 .text.RCC_MPUConfig
                0x2ffe2e44      0x178 Drivers/STM32MP13xx_HAL_Driver/Src/stm32mp13xx_hal_rcc.cc.o
                0x2ffe2e44                RCC_MPUConfig
 .text.RCC_AXISSConfig
                0x2ffe2fbc      0x19c Drivers/STM32MP13xx_HAL_Driver/Src/stm32mp13xx_hal_rcc.cc.o
                0x2ffe2fbc                RCC_AXISSConfig
 .text.RCC_MLAHBConfig
                0x2ffe3158      0x1b8 Drivers/STM32MP13xx_HAL_Driver/Src/stm32mp13xx_hal_rcc.cc.o
                0x2ffe3158                RCC_MLAHBConfig
 .text.HAL_RCC_GetPLL1ClockFreq
                0x2ffe3310      0x200 Drivers/STM32MP13xx_HAL_Driver/Src/stm32mp13xx_hal_rcc.cc.o
                0x2ffe3310                HAL_RCC_GetPLL1ClockFreq
 .text.HAL_RCC_GetSystemCoreClockFreq
                0x2ffe3510        0xe Drivers/STM32MP13xx_HAL_Driver/Src/stm32mp13xx_hal_rcc.cc.o
                0x2ffe3510                HAL_RCC_GetSystemCoreClockFreq
 *fill*         0x2ffe351e        0x2 
 .text.HAL_RCC_GetMPUSSFreq
                0x2ffe3520       0xd0 Drivers/STM32MP13xx_HAL_Driver/Src/stm32mp13xx_hal_rcc.cc.o
                0x2ffe3520                HAL_RCC_GetMPUSSFreq
 .text.RCCEx_PLL2_Config
                0x2ffe35f0      0x4ec Drivers/STM32MP13xx_HAL_Driver/Src/stm32mp13xx_hal_rcc_ex.cc.o
                0x2ffe35f0                RCCEx_PLL2_Config
 .text.RCCEx_PLL3_Config
                0x2ffe3adc      0x4d0 Drivers/STM32MP13xx_HAL_Driver/Src/stm32mp13xx_hal_rcc_ex.cc.o
                0x2ffe3adc                RCCEx_PLL3_Config
 .text.RCCEx_PLL4_Config
                0x2ffe3fac      0x4a6 Drivers/STM32MP13xx_HAL_Driver/Src/stm32mp13xx_hal_rcc_ex.cc.o
                0x2ffe3fac                RCCEx_PLL4_Config
 .text.GIC_EnableDistributor
                0x2ffe4452       0x26 Drivers/CMSIS/Core_A/Source/irq_ctrl_gic.cc.o
 .text.GIC_DisableDistributor
                0x2ffe4478       0x26 Drivers/CMSIS/Core_A/Source/irq_ctrl_gic.cc.o
 .text.GIC_DistributorInfo
                0x2ffe449e       0x18 Drivers/CMSIS/Core_A/Source/irq_ctrl_gic.cc.o
 .text.GIC_SetTarget
                0x2ffe44b6       0x6e Drivers/CMSIS/Core_A/Source/irq_ctrl_gic.cc.o
 .text.GIC_EnableInterface
                0x2ffe4524       0x26 Drivers/CMSIS/Core_A/Source/irq_ctrl_gic.cc.o
 .text.GIC_DisableInterface
                0x2ffe454a       0x26 Drivers/CMSIS/Core_A/Source/irq_ctrl_gic.cc.o
 .text.GIC_AcknowledgePending
                0x2ffe4570       0x1a Drivers/CMSIS/Core_A/Source/irq_ctrl_gic.cc.o
 .text.GIC_EndInterrupt
                0x2ffe458a       0x22 Drivers/CMSIS/Core_A/Source/irq_ctrl_gic.cc.o
 .text.GIC_DisableIRQ
                0x2ffe45ac       0x38 Drivers/CMSIS/Core_A/Source/irq_ctrl_gic.cc.o
 .text.GIC_ClearPendingIRQ
                0x2ffe45e4       0x64 Drivers/CMSIS/Core_A/Source/irq_ctrl_gic.cc.o
 .text.GIC_SetConfiguration
                0x2ffe4648       0x70 Drivers/CMSIS/Core_A/Source/irq_ctrl_gic.cc.o
 .text.GIC_SetPriority
                0x2ffe46b8       0x6e Drivers/CMSIS/Core_A/Source/irq_ctrl_gic.cc.o
 .text.GIC_GetPriority
                0x2ffe4726       0x3a Drivers/CMSIS/Core_A/Source/irq_ctrl_gic.cc.o
 .text.GIC_SetInterfacePriorityMask
                0x2ffe4760       0x22 Drivers/CMSIS/Core_A/Source/irq_ctrl_gic.cc.o
 .text.GIC_SetBinaryPoint
                0x2ffe4782       0x24 Drivers/CMSIS/Core_A/Source/irq_ctrl_gic.cc.o
 .text.GIC_GetIRQStatus
                0x2ffe47a6       0x66 Drivers/CMSIS/Core_A/Source/irq_ctrl_gic.cc.o
 .text.GIC_GetHighPendingIRQ
                0x2ffe480c       0x18 Drivers/CMSIS/Core_A/Source/irq_ctrl_gic.cc.o
 .text.GIC_DistInit
                0x2ffe4824       0x80 Drivers/CMSIS/Core_A/Source/irq_ctrl_gic.cc.o
 .text.GIC_CPUInterfaceInit
                0x2ffe48a4       0x70 Drivers/CMSIS/Core_A/Source/irq_ctrl_gic.cc.o
 .text.GIC_Enable
                0x2ffe4914       0x10 Drivers/CMSIS/Core_A/Source/irq_ctrl_gic.cc.o
 .text.IRQ_Initialize
                0x2ffe4924       0x38 Drivers/CMSIS/Core_A/Source/irq_ctrl_gic.cc.o
                0x2ffe4924                IRQ_Initialize
 .text.IRQ_SetHandler
                0x2ffe495c       0x42 Drivers/CMSIS/Core_A/Source/irq_ctrl_gic.cc.o
                0x2ffe495c                IRQ_SetHandler
 .text.IRQ_GetHandler
                0x2ffe499e       0x42 Drivers/CMSIS/Core_A/Source/irq_ctrl_gic.cc.o
                0x2ffe499e                IRQ_GetHandler
 .text.IRQ_GetActiveIRQ
                0x2ffe49e0       0x7c Drivers/CMSIS/Core_A/Source/irq_ctrl_gic.cc.o
                0x2ffe49e0                IRQ_GetActiveIRQ
 .text.IRQ_EndOfInterrupt
                0x2ffe4a5c       0x52 Drivers/CMSIS/Core_A/Source/irq_ctrl_gic.cc.o
                0x2ffe4a5c                IRQ_EndOfInterrupt
 .text.IRQ_ClearPending
                0x2ffe4aae       0x36 Drivers/CMSIS/Core_A/Source/irq_ctrl_gic.cc.o
                0x2ffe4aae                IRQ_ClearPending
 .text.MMU_XNSection
                0x2ffe4ae4       0x38 Drivers/CMSIS/Device/ST/STM32MP13xx/Source/Templates/mmu_stm32mp13xx.cc.o
 .text.MMU_DomainSection
                0x2ffe4b1c       0x38 Drivers/CMSIS/Device/ST/STM32MP13xx/Source/Templates/mmu_stm32mp13xx.cc.o
 .text.MMU_PSection
                0x2ffe4b54       0x38 Drivers/CMSIS/Device/ST/STM32MP13xx/Source/Templates/mmu_stm32mp13xx.cc.o
 .text.MMU_APSection
                0x2ffe4b8c      0x10c Drivers/CMSIS/Device/ST/STM32MP13xx/Source/Templates/mmu_stm32mp13xx.cc.o
 .text.MMU_SharedSection
                0x2ffe4c98       0x38 Drivers/CMSIS/Device/ST/STM32MP13xx/Source/Templates/mmu_stm32mp13xx.cc.o
 .text.MMU_GlobalSection
                0x2ffe4cd0       0x38 Drivers/CMSIS/Device/ST/STM32MP13xx/Source/Templates/mmu_stm32mp13xx.cc.o
 .text.MMU_SecureSection
                0x2ffe4d08       0x38 Drivers/CMSIS/Device/ST/STM32MP13xx/Source/Templates/mmu_stm32mp13xx.cc.o
 .text.MMU_XNPage
                0x2ffe4d40       0x5e Drivers/CMSIS/Device/ST/STM32MP13xx/Source/Templates/mmu_stm32mp13xx.cc.o
 .text.MMU_DomainPage
                0x2ffe4d9e       0x38 Drivers/CMSIS/Device/ST/STM32MP13xx/Source/Templates/mmu_stm32mp13xx.cc.o
 .text.MMU_PPage
                0x2ffe4dd6       0x38 Drivers/CMSIS/Device/ST/STM32MP13xx/Source/Templates/mmu_stm32mp13xx.cc.o
 .text.MMU_APPage
                0x2ffe4e0e      0x10e Drivers/CMSIS/Device/ST/STM32MP13xx/Source/Templates/mmu_stm32mp13xx.cc.o
 .text.MMU_SharedPage
                0x2ffe4f1c       0x38 Drivers/CMSIS/Device/ST/STM32MP13xx/Source/Templates/mmu_stm32mp13xx.cc.o
 .text.MMU_GlobalPage
                0x2ffe4f54       0x38 Drivers/CMSIS/Device/ST/STM32MP13xx/Source/Templates/mmu_stm32mp13xx.cc.o
 .text.MMU_SecurePage
                0x2ffe4f8c       0x38 Drivers/CMSIS/Device/ST/STM32MP13xx/Source/Templates/mmu_stm32mp13xx.cc.o
 .text.MMU_MemorySection
                0x2ffe4fc4      0x10c Drivers/CMSIS/Device/ST/STM32MP13xx/Source/Templates/mmu_stm32mp13xx.cc.o
 .text.MMU_MemoryPage
                0x2ffe50d0      0x118 Drivers/CMSIS/Device/ST/STM32MP13xx/Source/Templates/mmu_stm32mp13xx.cc.o
 .text.MMU_GetSectionDescriptor
                0x2ffe51e8       0x8a Drivers/CMSIS/Device/ST/STM32MP13xx/Source/Templates/mmu_stm32mp13xx.cc.o
 .text.MMU_GetPageDescriptor
                0x2ffe5272      0x162 Drivers/CMSIS/Device/ST/STM32MP13xx/Source/Templates/mmu_stm32mp13xx.cc.o
 .text.MMU_TTSection
                0x2ffe53d4       0x5e Drivers/CMSIS/Device/ST/STM32MP13xx/Source/Templates/mmu_stm32mp13xx.cc.o
 .text.MMU_TTPage4k
                0x2ffe5432       0x8a Drivers/CMSIS/Device/ST/STM32MP13xx/Source/Templates/mmu_stm32mp13xx.cc.o
 .text.MMU_CreateTranslationTable
                0x2ffe54bc      0x63a Drivers/CMSIS/Device/ST/STM32MP13xx/Source/Templates/mmu_stm32mp13xx.cc.o
                0x2ffe54bc                MMU_CreateTranslationTable
 *fill*         0x2ffe5af6        0x2 
 .text.__FPU_Enable
                0x2ffe5af8       0x80 Drivers/CMSIS/Device/ST/STM32MP13xx/Source/Templates/system_stm32mp13xx_A7.cc.o
 .text.PL1_SetLoadValue
                0x2ffe5b78       0x26 Drivers/CMSIS/Device/ST/STM32MP13xx/Source/Templates/system_stm32mp13xx_A7.cc.o
 .text.PL1_GetCurrentValue
                0x2ffe5b9e       0x1a Drivers/CMSIS/Device/ST/STM32MP13xx/Source/Templates/system_stm32mp13xx_A7.cc.o
 .text.MMU_Enable
                0x2ffe5bb8       0x3a Drivers/CMSIS/Device/ST/STM32MP13xx/Source/Templates/system_stm32mp13xx_A7.cc.o
 .text.MMU_InvalidateTLB
                0x2ffe5bf2       0x2a Drivers/CMSIS/Device/ST/STM32MP13xx/Source/Templates/system_stm32mp13xx_A7.cc.o
 .text.SystemInit_IRQ_ErrorHandler
                0x2ffe5c1c        0x8 Drivers/CMSIS/Device/ST/STM32MP13xx/Source/Templates/system_stm32mp13xx_A7.cc.o
 .text.SecurePhysicalTimer_IRQHandler
                0x2ffe5c24       0x22 Drivers/CMSIS/Device/ST/STM32MP13xx/Source/Templates/system_stm32mp13xx_A7.cc.o
                0x2ffe5c24                SecurePhysicalTimer_IRQHandler
 .text.IRQ_Handler
                0x2ffe5c46       0x68 Drivers/CMSIS/Device/ST/STM32MP13xx/Source/Templates/system_stm32mp13xx_A7.cc.o
                0x2ffe5c46                IRQ_Handler
 *fill*         0x2ffe5cae        0x2 
 .text.ZeroBss  0x2ffe5cb0       0x34 Drivers/CMSIS/Device/ST/STM32MP13xx/Source/Templates/system_stm32mp13xx_A7.cc.o
                0x2ffe5cb0                ZeroBss
 .text.SystemInit
                0x2ffe5ce4      0x27c Drivers/CMSIS/Device/ST/STM32MP13xx/Source/Templates/system_stm32mp13xx_A7.cc.o
                0x2ffe5ce4                SystemInit
 .text.__libc_init_array
                0x2ffe5f60       0x48 /home/nihao/workdir/stm32mp135_Bare_computer_project/toolchain/bin/../lib/gcc/arm-none-eabi/12.3.1/../../../../arm-none-eabi/lib/thumb/v7-a+fp/hard/libc_nano.a(libc_a-init.o)
                0x2ffe5f60                __libc_init_array
 .text          0x2ffe5fa8       0x30 /home/nihao/workdir/stm32mp135_Bare_computer_project/toolchain/bin/../lib/gcc/arm-none-eabi/12.3.1/thumb/v7-a+fp/hard/libgcc.a(_aeabi_uldivmod.o)
                0x2ffe5fa8                __aeabi_uldivmod
 .text          0x2ffe5fd8      0x108 /home/nihao/workdir/stm32mp135_Bare_computer_project/toolchain/bin/../lib/gcc/arm-none-eabi/12.3.1/thumb/v7-a+fp/hard/libgcc.a(_udivmoddi4.o)
                0x2ffe5fd8                __udivmoddi4
 .text          0x2ffe60e0        0x4 /home/nihao/workdir/stm32mp135_Bare_computer_project/toolchain/bin/../lib/gcc/arm-none-eabi/12.3.1/thumb/v7-a+fp/hard/libgcc.a(_dvmd_tls.o)
                0x2ffe60e0                __aeabi_ldiv0
                0x2ffe60e0                __aeabi_idiv0
 *(.init)
 .init          0x2ffe60e4        0x4 /home/nihao/workdir/stm32mp135_Bare_computer_project/toolchain/bin/../lib/gcc/arm-none-eabi/12.3.1/thumb/v7-a+fp/hard/crti.o
                0x2ffe60e4                _init
 .init          0x2ffe60e8        0x8 /home/nihao/workdir/stm32mp135_Bare_computer_project/toolchain/bin/../lib/gcc/arm-none-eabi/12.3.1/thumb/v7-a+fp/hard/crtn.o
 *(.fini)
 .fini          0x2ffe60f0        0x4 /home/nihao/workdir/stm32mp135_Bare_computer_project/toolchain/bin/../lib/gcc/arm-none-eabi/12.3.1/thumb/v7-a+fp/hard/crti.o
                0x2ffe60f0                _fini
 .fini          0x2ffe60f4        0x8 /home/nihao/workdir/stm32mp135_Bare_computer_project/toolchain/bin/../lib/gcc/arm-none-eabi/12.3.1/thumb/v7-a+fp/hard/crtn.o
                0x2ffe60fc                        __TEXT_END_UNALIGNED__ = .
                0x2ffe60fc                        __TEXT_END__ = .
                0x2ffe7000                        . = NEXT (0x1000)
 *fill*         0x2ffe60fc      0xf04 
                0x2ffe7000                        __RO_START__ = .
 *(.rodata*)
 .rodata        0x2ffe7000       0x3a Drivers/STM32MP13xx_HAL_Driver/Src/stm32mp13xx_hal_gpio.cc.o
 *fill*         0x2ffe703a        0x2 
 .rodata        0x2ffe703c       0x39 Drivers/STM32MP13xx_HAL_Driver/Src/stm32mp13xx_hal_rcc.cc.o
 *fill*         0x2ffe7075        0x3 
 .rodata        0x2ffe7078       0x3c Drivers/STM32MP13xx_HAL_Driver/Src/stm32mp13xx_hal_rcc_ex.cc.o
                0x2ffe70b4                        __RO_END_UNALIGNED__ = .
                0x2ffe8000                        . = NEXT (0x1000)
 *fill*         0x2ffe70b4      0xf4c 
                0x2ffe8000                        __RO_END__ = .

.eh_frame       0x2ffe8000        0x0
 .eh_frame      0x2ffe8000        0x0 /home/nihao/workdir/stm32mp135_Bare_computer_project/toolchain/bin/../lib/gcc/arm-none-eabi/12.3.1/thumb/v7-a+fp/hard/crtbegin.o

.glue_7         0x2ffe8000        0x0
 .glue_7        0x2ffe8000        0x0 linker stubs

.glue_7t        0x2ffe8000        0x0
 .glue_7t       0x2ffe8000        0x0 linker stubs

.vfp11_veneer   0x2ffe8000        0x0
 .vfp11_veneer  0x2ffe8000        0x0 linker stubs

.v4_bx          0x2ffe8000        0x0
 .v4_bx         0x2ffe8000        0x0 linker stubs

.iplt           0x2ffe8000        0x0
 .iplt          0x2ffe8000        0x0 /home/nihao/workdir/stm32mp135_Bare_computer_project/toolchain/bin/../lib/gcc/arm-none-eabi/12.3.1/thumb/v7-a+fp/hard/crtbegin.o

.ARM.extab      0x2ffe8000        0x0
                0x2ffe8000                        . = ALIGN (0x4)
 *(.ARM.extab* .gnu.linkonce.armextab.*)
                0x2ffe8000                        . = ALIGN (0x4)

.ARM            0x2ffe8000        0x8
                0x2ffe8000                        . = ALIGN (0x4)
                0x2ffe8000                        __exidx_start = .
 *(.ARM.exidx*)
 .ARM.exidx     0x2ffe8000        0x8 /home/nihao/workdir/stm32mp135_Bare_computer_project/toolchain/bin/../lib/gcc/arm-none-eabi/12.3.1/thumb/v7-a+fp/hard/libgcc.a(_udivmoddi4.o)
                0x2ffe8008                        __exidx_end = .
                0x2ffe8008                        . = ALIGN (0x4)

.rel.dyn        0x2ffe8008        0x0
 .rel.iplt      0x2ffe8008        0x0 /home/nihao/workdir/stm32mp135_Bare_computer_project/toolchain/bin/../lib/gcc/arm-none-eabi/12.3.1/thumb/v7-a+fp/hard/crtbegin.o

.preinit_array  0x2ffe8008        0x0
                0x2ffe8008                        . = ALIGN (0x4)
                0x2ffe8008                        PROVIDE (__preinit_array_start = .)
 *(.preinit_array*)
                0x2ffe8008                        PROVIDE (__preinit_array_end = .)
                0x2ffe8008                        . = ALIGN (0x4)

.init_array     0x2ffe8008        0x4
                0x2ffe8008                        . = ALIGN (0x4)
                0x2ffe8008                        PROVIDE (__init_array_start = .)
 *(SORT_BY_NAME(.init_array.*))
 *(.init_array*)
 .init_array    0x2ffe8008        0x4 /home/nihao/workdir/stm32mp135_Bare_computer_project/toolchain/bin/../lib/gcc/arm-none-eabi/12.3.1/thumb/v7-a+fp/hard/crtbegin.o
                0x2ffe800c                        PROVIDE (__init_array_end = .)
                0x2ffe800c                        . = ALIGN (0x4)

.fini_array     0x2ffe800c        0x4
                0x2ffe800c                        . = ALIGN (0x4)
                [!provide]                        PROVIDE (__fini_array_start = .)
 *(SORT_BY_NAME(.fini_array.*))
 *(.fini_array*)
 .fini_array    0x2ffe800c        0x4 /home/nihao/workdir/stm32mp135_Bare_computer_project/toolchain/bin/../lib/gcc/arm-none-eabi/12.3.1/thumb/v7-a+fp/hard/crtbegin.o
                [!provide]                        PROVIDE (__fini_array_end = .)
                0x2ffe8010                        . = ALIGN (0x4)

.data           0x2ffe8010      0x2e4
                0x2ffe8010                        RW_DATA = .
 *(.data*)
 .data          0x2ffe8010      0x2d8 Drivers/CMSIS/Device/ST/STM32MP13xx/Source/Templates/gcc/startup_stm32mp135c_ca7.cc.o
                0x2ffe8010                IRQ_Vector_Table
 .data          0x2ffe82e8        0x5 Drivers/STM32MP13xx_HAL_Driver/Src/stm32mp13xx_hal.cc.o
                0x2ffe82e8                uwTickPrio
                0x2ffe82ec                uwTickFreq
 *fill*         0x2ffe82ed        0x3 
 .data          0x2ffe82f0        0x4 Drivers/CMSIS/Device/ST/STM32MP13xx/Source/Templates/system_stm32mp13xx_A7.cc.o
                0x2ffe82f0                SystemCoreClock
                0x2ffe82f4                        __DATA_END__ = .

.igot.plt       0x2ffe82f4        0x0
 .igot.plt      0x2ffe82f4        0x0 /home/nihao/workdir/stm32mp135_Bare_computer_project/toolchain/bin/../lib/gcc/arm-none-eabi/12.3.1/thumb/v7-a+fp/hard/crtbegin.o

.bss            0x2ffe8300     0x1060
                0x2ffe8300                        ZI_DATA = .
 *(SORT_BY_ALIGNMENT(.bss*))
 .bss           0x2ffe8300       0x1c /home/nihao/workdir/stm32mp135_Bare_computer_project/toolchain/bin/../lib/gcc/arm-none-eabi/12.3.1/thumb/v7-a+fp/hard/crtbegin.o
 .bss           0x2ffe831c        0x4 Drivers/STM32MP13xx_HAL_Driver/Src/stm32mp13xx_hal.cc.o
 .bss           0x2ffe8320      0xff4 Drivers/CMSIS/Core_A/Source/irq_ctrl_gic.cc.o
 .bss           0x2ffe9314       0x38 Drivers/CMSIS/Device/ST/STM32MP13xx/Source/Templates/mmu_stm32mp13xx.cc.o
 *(COMMON)
                0x2ffe9360                        . = ALIGN (0x20)
 *fill*         0x2ffe934c       0x14 
                0x2ffe9360                        __BSS_END__ = .
                0x00001060                        __BSS_SIZE__ = SIZEOF (.bss)

._TTB           0x2ffec000     0x5000
                0x2ffec000                        TTB = .
                0x2fff0000                        . = (. + TTB_L1_SIZE)
 *fill*         0x2ffec000     0x4000 
                0x2fff1000                        . = (. + (TTB_L2_SIZE * 0x4))
 *fill*         0x2fff0000     0x1000 

._user_heap_stack
                0x2fff1000      0x600
                0x2fff1000                        . = ALIGN (0x8)
                0x2fff1000                        PROVIDE (end = .)
                [!provide]                        PROVIDE (_end = .)
                0x2fff1200                        . = (. + _Min_Heap_Size)
 *fill*         0x2fff1000      0x200 
                0x2fff1600                        . = (. + _Min_Stack_Size)
 *fill*         0x2fff1200      0x400 
                0x2fff1600                        . = ALIGN (0x8)

/DISCARD/
 libc.a(*)
 libm.a(*)
 libgcc.a(*)
OUTPUT(blink.elf elf32-littlearm)
LOAD linker stubs
LOAD /home/nihao/workdir/stm32mp135_Bare_computer_project/toolchain/bin/../lib/gcc/arm-none-eabi/12.3.1/../../../../arm-none-eabi/lib/thumb/v7-a+fp/hard/libc.a
LOAD /home/nihao/workdir/stm32mp135_Bare_computer_project/toolchain/bin/../lib/gcc/arm-none-eabi/12.3.1/../../../../arm-none-eabi/lib/thumb/v7-a+fp/hard/libm.a
LOAD /home/nihao/workdir/stm32mp135_Bare_computer_project/toolchain/bin/../lib/gcc/arm-none-eabi/12.3.1/thumb/v7-a+fp/hard/libgcc.a

.ARM.attributes
                0x00000000       0x35
 .ARM.attributes
                0x00000000       0x21 /home/nihao/workdir/stm32mp135_Bare_computer_project/toolchain/bin/../lib/gcc/arm-none-eabi/12.3.1/thumb/v7-a+fp/hard/crti.o
 .ARM.attributes
                0x00000021       0x33 /home/nihao/workdir/stm32mp135_Bare_computer_project/toolchain/bin/../lib/gcc/arm-none-eabi/12.3.1/thumb/v7-a+fp/hard/crtbegin.o
 .ARM.attributes
                0x00000054       0x39 Projects/Src/main.cc.o
 .ARM.attributes
                0x0000008d       0x39 Projects/Src/stm32mp13xx_hal_msp.cc.o
 .ARM.attributes
                0x000000c6       0x39 Drivers/CMSIS/Device/ST/STM32MP13xx/Source/Templates/gcc/startup_stm32mp135c_ca7.cc.o
 .ARM.attributes
                0x000000ff       0x39 Drivers/STM32MP13xx_HAL_Driver/Src/stm32mp13xx_hal.cc.o
 .ARM.attributes
                0x00000138       0x39 Drivers/STM32MP13xx_HAL_Driver/Src/stm32mp13xx_hal_gpio.cc.o
 .ARM.attributes
                0x00000171       0x39 Drivers/STM32MP13xx_HAL_Driver/Src/stm32mp13xx_hal_rcc.cc.o
 .ARM.attributes
                0x000001aa       0x39 Drivers/STM32MP13xx_HAL_Driver/Src/stm32mp13xx_hal_rcc_ex.cc.o
 .ARM.attributes
                0x000001e3       0x39 Drivers/CMSIS/Core_A/Source/irq_ctrl_gic.cc.o
 .ARM.attributes
                0x0000021c       0x39 Drivers/CMSIS/Device/ST/STM32MP13xx/Source/Templates/mmu_stm32mp13xx.cc.o
 .ARM.attributes
                0x00000255       0x39 Drivers/CMSIS/Device/ST/STM32MP13xx/Source/Templates/system_stm32mp13xx_A7.cc.o
 .ARM.attributes
                0x0000028e       0x33 /home/nihao/workdir/stm32mp135_Bare_computer_project/toolchain/bin/../lib/gcc/arm-none-eabi/12.3.1/../../../../arm-none-eabi/lib/thumb/v7-a+fp/hard/libc_nano.a(libc_a-init.o)
 .ARM.attributes
                0x000002c1       0x21 /home/nihao/workdir/stm32mp135_Bare_computer_project/toolchain/bin/../lib/gcc/arm-none-eabi/12.3.1/thumb/v7-a+fp/hard/libgcc.a(_aeabi_uldivmod.o)
 .ARM.attributes
                0x000002e2       0x33 /home/nihao/workdir/stm32mp135_Bare_computer_project/toolchain/bin/../lib/gcc/arm-none-eabi/12.3.1/thumb/v7-a+fp/hard/libgcc.a(_udivmoddi4.o)
 .ARM.attributes
                0x00000315       0x21 /home/nihao/workdir/stm32mp135_Bare_computer_project/toolchain/bin/../lib/gcc/arm-none-eabi/12.3.1/thumb/v7-a+fp/hard/libgcc.a(_dvmd_tls.o)
 .ARM.attributes
                0x00000336       0x21 /home/nihao/workdir/stm32mp135_Bare_computer_project/toolchain/bin/../lib/gcc/arm-none-eabi/12.3.1/thumb/v7-a+fp/hard/crtn.o

.comment        0x00000000       0x43
 .comment       0x00000000       0x43 Projects/Src/main.cc.o
                                 0x44 (size before relaxing)
 .comment       0x00000043       0x44 Projects/Src/stm32mp13xx_hal_msp.cc.o
 .comment       0x00000043       0x44 Drivers/CMSIS/Device/ST/STM32MP13xx/Source/Templates/gcc/startup_stm32mp135c_ca7.cc.o
 .comment       0x00000043       0x44 Drivers/STM32MP13xx_HAL_Driver/Src/stm32mp13xx_hal.cc.o
 .comment       0x00000043       0x44 Drivers/STM32MP13xx_HAL_Driver/Src/stm32mp13xx_hal_gpio.cc.o
 .comment       0x00000043       0x44 Drivers/STM32MP13xx_HAL_Driver/Src/stm32mp13xx_hal_rcc.cc.o
 .comment       0x00000043       0x44 Drivers/STM32MP13xx_HAL_Driver/Src/stm32mp13xx_hal_rcc_ex.cc.o
 .comment       0x00000043       0x44 Drivers/CMSIS/Core_A/Source/irq_ctrl_gic.cc.o
 .comment       0x00000043       0x44 Drivers/CMSIS/Device/ST/STM32MP13xx/Source/Templates/mmu_stm32mp13xx.cc.o
 .comment       0x00000043       0x44 Drivers/CMSIS/Device/ST/STM32MP13xx/Source/Templates/system_stm32mp13xx_A7.cc.o

.debug_info     0x00000000     0xda6d
 .debug_info    0x00000000     0x1a1b Projects/Src/main.cc.o
 .debug_info    0x00001a1b     0x185a Projects/Src/stm32mp13xx_hal_msp.cc.o
 .debug_info    0x00003275      0xfdd Drivers/CMSIS/Device/ST/STM32MP13xx/Source/Templates/gcc/startup_stm32mp135c_ca7.cc.o
 .debug_info    0x00004252     0x1c55 Drivers/STM32MP13xx_HAL_Driver/Src/stm32mp13xx_hal.cc.o
 .debug_info    0x00005ea7      0x923 Drivers/STM32MP13xx_HAL_Driver/Src/stm32mp13xx_hal_gpio.cc.o
 .debug_info    0x000067ca     0x1c77 Drivers/STM32MP13xx_HAL_Driver/Src/stm32mp13xx_hal_rcc.cc.o
 .debug_info    0x00008441     0x1585 Drivers/STM32MP13xx_HAL_Driver/Src/stm32mp13xx_hal_rcc_ex.cc.o
 .debug_info    0x000099c6     0x129c Drivers/CMSIS/Core_A/Source/irq_ctrl_gic.cc.o
 .debug_info    0x0000ac62      0xf78 Drivers/CMSIS/Device/ST/STM32MP13xx/Source/Templates/mmu_stm32mp13xx.cc.o
 .debug_info    0x0000bbda     0x1e93 Drivers/CMSIS/Device/ST/STM32MP13xx/Source/Templates/system_stm32mp13xx_A7.cc.o

.debug_abbrev   0x00000000     0x1914
 .debug_abbrev  0x00000000      0x2aa Projects/Src/main.cc.o
 .debug_abbrev  0x000002aa      0x1cf Projects/Src/stm32mp13xx_hal_msp.cc.o
 .debug_abbrev  0x00000479       0xdc Drivers/CMSIS/Device/ST/STM32MP13xx/Source/Templates/gcc/startup_stm32mp135c_ca7.cc.o
 .debug_abbrev  0x00000555      0x393 Drivers/STM32MP13xx_HAL_Driver/Src/stm32mp13xx_hal.cc.o
 .debug_abbrev  0x000008e8      0x20b Drivers/STM32MP13xx_HAL_Driver/Src/stm32mp13xx_hal_gpio.cc.o
 .debug_abbrev  0x00000af3      0x2d1 Drivers/STM32MP13xx_HAL_Driver/Src/stm32mp13xx_hal_rcc.cc.o
 .debug_abbrev  0x00000dc4      0x266 Drivers/STM32MP13xx_HAL_Driver/Src/stm32mp13xx_hal_rcc_ex.cc.o
 .debug_abbrev  0x0000102a      0x2ce Drivers/CMSIS/Core_A/Source/irq_ctrl_gic.cc.o
 .debug_abbrev  0x000012f8      0x23d Drivers/CMSIS/Device/ST/STM32MP13xx/Source/Templates/mmu_stm32mp13xx.cc.o
 .debug_abbrev  0x00001535      0x3df Drivers/CMSIS/Device/ST/STM32MP13xx/Source/Templates/system_stm32mp13xx_A7.cc.o

.debug_aranges  0x00000000      0xc68
 .debug_aranges
                0x00000000       0x48 Projects/Src/main.cc.o
 .debug_aranges
                0x00000048       0x30 Projects/Src/stm32mp13xx_hal_msp.cc.o
 .debug_aranges
                0x00000078      0x590 Drivers/CMSIS/Device/ST/STM32MP13xx/Source/Templates/gcc/startup_stm32mp135c_ca7.cc.o
 .debug_aranges
                0x00000608      0x150 Drivers/STM32MP13xx_HAL_Driver/Src/stm32mp13xx_hal.cc.o
 .debug_aranges
                0x00000758       0x68 Drivers/STM32MP13xx_HAL_Driver/Src/stm32mp13xx_hal_gpio.cc.o
 .debug_aranges
                0x000007c0      0x168 Drivers/STM32MP13xx_HAL_Driver/Src/stm32mp13xx_hal_rcc.cc.o
 .debug_aranges
                0x00000928       0x58 Drivers/STM32MP13xx_HAL_Driver/Src/stm32mp13xx_hal_rcc_ex.cc.o
 .debug_aranges
                0x00000980      0x1a0 Drivers/CMSIS/Core_A/Source/irq_ctrl_gic.cc.o
 .debug_aranges
                0x00000b20       0xc0 Drivers/CMSIS/Device/ST/STM32MP13xx/Source/Templates/mmu_stm32mp13xx.cc.o
 .debug_aranges
                0x00000be0       0x88 Drivers/CMSIS/Device/ST/STM32MP13xx/Source/Templates/system_stm32mp13xx_A7.cc.o

.debug_rnglists
                0x00000000      0x94f
 .debug_rnglists
                0x00000000       0x33 Projects/Src/main.cc.o
 .debug_rnglists
                0x00000033       0x20 Projects/Src/stm32mp13xx_hal_msp.cc.o
 .debug_rnglists
                0x00000053      0x428 Drivers/CMSIS/Device/ST/STM32MP13xx/Source/Templates/gcc/startup_stm32mp135c_ca7.cc.o
 .debug_rnglists
                0x0000047b       0xfd Drivers/STM32MP13xx_HAL_Driver/Src/stm32mp13xx_hal.cc.o
 .debug_rnglists
                0x00000578       0x4c Drivers/STM32MP13xx_HAL_Driver/Src/stm32mp13xx_hal_gpio.cc.o
 .debug_rnglists
                0x000005c4      0x11b Drivers/STM32MP13xx_HAL_Driver/Src/stm32mp13xx_hal_rcc.cc.o
 .debug_rnglists
                0x000006df       0x43 Drivers/STM32MP13xx_HAL_Driver/Src/stm32mp13xx_hal_rcc_ex.cc.o
 .debug_rnglists
                0x00000722      0x135 Drivers/CMSIS/Core_A/Source/irq_ctrl_gic.cc.o
 .debug_rnglists
                0x00000857       0x93 Drivers/CMSIS/Device/ST/STM32MP13xx/Source/Templates/mmu_stm32mp13xx.cc.o
 .debug_rnglists
                0x000008ea       0x65 Drivers/CMSIS/Device/ST/STM32MP13xx/Source/Templates/system_stm32mp13xx_A7.cc.o

.debug_macro    0x00000000    0x401fb
 .debug_macro   0x00000000      0x2d4 Projects/Src/main.cc.o
 .debug_macro   0x000002d4      0xaf6 Projects/Src/main.cc.o
 .debug_macro   0x00000dca       0x9a Projects/Src/main.cc.o
 .debug_macro   0x00000e64       0x2e Projects/Src/main.cc.o
 .debug_macro   0x00000e92       0x56 Projects/Src/main.cc.o
 .debug_macro   0x00000ee8       0x22 Projects/Src/main.cc.o
 .debug_macro   0x00000f0a       0x22 Projects/Src/main.cc.o
 .debug_macro   0x00000f2c       0x8e Projects/Src/main.cc.o
 .debug_macro   0x00000fba       0x51 Projects/Src/main.cc.o
 .debug_macro   0x0000100b      0x103 Projects/Src/main.cc.o
 .debug_macro   0x0000110e       0x6a Projects/Src/main.cc.o
 .debug_macro   0x00001178      0x1df Projects/Src/main.cc.o
 .debug_macro   0x00001357       0xcb Projects/Src/main.cc.o
 .debug_macro   0x00001422      0x70b Projects/Src/main.cc.o
 .debug_macro   0x00001b2d       0xe8 Projects/Src/main.cc.o
 .debug_macro   0x00001c15    0x371ba Projects/Src/main.cc.o
 .debug_macro   0x00038dcf       0x43 Projects/Src/main.cc.o
 .debug_macro   0x00038e12      0x189 Projects/Src/main.cc.o
 .debug_macro   0x00038f9b       0x62 Projects/Src/main.cc.o
 .debug_macro   0x00038ffd     0x1d31 Projects/Src/main.cc.o
 .debug_macro   0x0003ad2e      0xa7c Projects/Src/main.cc.o
 .debug_macro   0x0003b7aa       0x35 Projects/Src/main.cc.o
 .debug_macro   0x0003b7df      0x607 Projects/Src/main.cc.o
 .debug_macro   0x0003bde6      0x124 Projects/Src/main.cc.o
 .debug_macro   0x0003bf0a       0x74 Projects/Src/main.cc.o
 .debug_macro   0x0003bf7e      0x31b Projects/Src/main.cc.o
 .debug_macro   0x0003c299      0x137 Projects/Src/main.cc.o
 .debug_macro   0x0003c3d0      0x2ff Projects/Src/main.cc.o
 .debug_macro   0x0003c6cf       0xb3 Projects/Src/main.cc.o
 .debug_macro   0x0003c782      0x22c Projects/Src/main.cc.o
 .debug_macro   0x0003c9ae       0x49 Projects/Src/main.cc.o
 .debug_macro   0x0003c9f7       0xa5 Projects/Src/main.cc.o
 .debug_macro   0x0003ca9c      0x14c Projects/Src/main.cc.o
 .debug_macro   0x0003cbe8      0x1e5 Projects/Src/main.cc.o
 .debug_macro   0x0003cdcd       0x19 Projects/Src/main.cc.o
 .debug_macro   0x0003cde6      0x67e Projects/Src/main.cc.o
 .debug_macro   0x0003d464       0xa6 Projects/Src/main.cc.o
 .debug_macro   0x0003d50a      0x616 Projects/Src/main.cc.o
 .debug_macro   0x0003db20       0x4c Projects/Src/main.cc.o
 .debug_macro   0x0003db6c       0x52 Projects/Src/main.cc.o
 .debug_macro   0x0003dbbe      0x12a Projects/Src/main.cc.o
 .debug_macro   0x0003dce8      0x3d7 Projects/Src/main.cc.o
 .debug_macro   0x0003e0bf       0x8e Projects/Src/main.cc.o
 .debug_macro   0x0003e14d      0x16c Projects/Src/main.cc.o
 .debug_macro   0x0003e2b9      0x107 Projects/Src/main.cc.o
 .debug_macro   0x0003e3c0       0x61 Projects/Src/main.cc.o
 .debug_macro   0x0003e421       0x29 Projects/Src/main.cc.o
 .debug_macro   0x0003e44a       0x43 Projects/Src/main.cc.o
 .debug_macro   0x0003e48d       0x34 Projects/Src/main.cc.o
 .debug_macro   0x0003e4c1       0x16 Projects/Src/main.cc.o
 .debug_macro   0x0003e4d7       0x43 Projects/Src/main.cc.o
 .debug_macro   0x0003e51a       0x34 Projects/Src/main.cc.o
 .debug_macro   0x0003e54e       0x10 Projects/Src/main.cc.o
 .debug_macro   0x0003e55e       0x58 Projects/Src/main.cc.o
 .debug_macro   0x0003e5b6       0x8e Projects/Src/main.cc.o
 .debug_macro   0x0003e644       0x1c Projects/Src/main.cc.o
 .debug_macro   0x0003e660      0x177 Projects/Src/main.cc.o
 .debug_macro   0x0003e7d7      0x369 Projects/Src/main.cc.o
 .debug_macro   0x0003eb40       0x10 Projects/Src/main.cc.o
 .debug_macro   0x0003eb50       0x35 Projects/Src/main.cc.o
 .debug_macro   0x0003eb85       0x20 Projects/Src/main.cc.o
 .debug_macro   0x0003eba5      0x2d4 Projects/Src/stm32mp13xx_hal_msp.cc.o
 .debug_macro   0x0003ee79      0x1cb Drivers/CMSIS/Device/ST/STM32MP13xx/Source/Templates/gcc/startup_stm32mp135c_ca7.cc.o
 .debug_macro   0x0003f044      0x1cd Drivers/STM32MP13xx_HAL_Driver/Src/stm32mp13xx_hal.cc.o
 .debug_macro   0x0003f211      0x1a4 Drivers/STM32MP13xx_HAL_Driver/Src/stm32mp13xx_hal_gpio.cc.o
 .debug_macro   0x0003f3b5      0x1a9 Drivers/STM32MP13xx_HAL_Driver/Src/stm32mp13xx_hal_rcc.cc.o
 .debug_macro   0x0003f55e      0x1a3 Drivers/STM32MP13xx_HAL_Driver/Src/stm32mp13xx_hal_rcc_ex.cc.o
 .debug_macro   0x0003f701      0x1b4 Drivers/CMSIS/Core_A/Source/irq_ctrl_gic.cc.o
 .debug_macro   0x0003f8b5       0x10 Drivers/CMSIS/Core_A/Source/irq_ctrl_gic.cc.o
 .debug_macro   0x0003f8c5      0x1bb Drivers/CMSIS/Device/ST/STM32MP13xx/Source/Templates/mmu_stm32mp13xx.cc.o
 .debug_macro   0x0003fa80      0x5e0 Drivers/CMSIS/Device/ST/STM32MP13xx/Source/Templates/system_stm32mp13xx_A7.cc.o
 .debug_macro   0x00040060      0x19b Drivers/CMSIS/Device/ST/STM32MP13xx/Source/Templates/system_stm32mp13xx_A7.cc.o

.debug_line     0x00000000     0x9cd2
 .debug_line    0x00000000      0x867 Projects/Src/main.cc.o
 .debug_line    0x00000867      0x785 Projects/Src/stm32mp13xx_hal_msp.cc.o
 .debug_line    0x00000fec     0x1371 Drivers/CMSIS/Device/ST/STM32MP13xx/Source/Templates/gcc/startup_stm32mp135c_ca7.cc.o
 .debug_line    0x0000235d      0xbbd Drivers/STM32MP13xx_HAL_Driver/Src/stm32mp13xx_hal.cc.o
 .debug_line    0x00002f1a      0xb3b Drivers/STM32MP13xx_HAL_Driver/Src/stm32mp13xx_hal_gpio.cc.o
 .debug_line    0x00003a55     0x1c36 Drivers/STM32MP13xx_HAL_Driver/Src/stm32mp13xx_hal_rcc.cc.o
 .debug_line    0x0000568b     0x1fb5 Drivers/STM32MP13xx_HAL_Driver/Src/stm32mp13xx_hal_rcc_ex.cc.o
 .debug_line    0x00007640      0xde1 Drivers/CMSIS/Core_A/Source/irq_ctrl_gic.cc.o
 .debug_line    0x00008421      0xc4f Drivers/CMSIS/Device/ST/STM32MP13xx/Source/Templates/mmu_stm32mp13xx.cc.o
 .debug_line    0x00009070      0xc62 Drivers/CMSIS/Device/ST/STM32MP13xx/Source/Templates/system_stm32mp13xx_A7.cc.o

.debug_str      0x00000000   0x1adb46
 .debug_str     0x00000000   0x1a9952 Projects/Src/main.cc.o
                             0x1a9e02 (size before relaxing)
 .debug_str     0x001a9952      0x5c7 Projects/Src/stm32mp13xx_hal_msp.cc.o
                             0x1a95df (size before relaxing)
 .debug_str     0x001a9f19      0xd7e Drivers/CMSIS/Device/ST/STM32MP13xx/Source/Templates/gcc/startup_stm32mp135c_ca7.cc.o
                             0x1a4633 (size before relaxing)
 .debug_str     0x001aac97      0x87a Drivers/STM32MP13xx_HAL_Driver/Src/stm32mp13xx_hal.cc.o
                             0x1a4c32 (size before relaxing)
 .debug_str     0x001ab511      0x20b Drivers/STM32MP13xx_HAL_Driver/Src/stm32mp13xx_hal_gpio.cc.o
                             0x1a3312 (size before relaxing)
 .debug_str     0x001ab71c      0x78b Drivers/STM32MP13xx_HAL_Driver/Src/stm32mp13xx_hal_rcc.cc.o
                             0x1a44a0 (size before relaxing)
 .debug_str     0x001abea7      0x444 Drivers/STM32MP13xx_HAL_Driver/Src/stm32mp13xx_hal_rcc_ex.cc.o
                             0x1a42a9 (size before relaxing)
 .debug_str     0x001ac2eb      0x57f Drivers/CMSIS/Core_A/Source/irq_ctrl_gic.cc.o
                             0x1a3ec7 (size before relaxing)
 .debug_str     0x001ac86a      0x6a5 Drivers/CMSIS/Device/ST/STM32MP13xx/Source/Templates/mmu_stm32mp13xx.cc.o
                             0x1a3f45 (size before relaxing)
 .debug_str     0x001acf0f      0xc37 Drivers/CMSIS/Device/ST/STM32MP13xx/Source/Templates/system_stm32mp13xx_A7.cc.o
                             0x1a81d8 (size before relaxing)

.debug_frame    0x00000000     0x3210
 .debug_frame   0x00000000       0xcc Projects/Src/main.cc.o
 .debug_frame   0x000000cc       0x78 Projects/Src/stm32mp13xx_hal_msp.cc.o
 .debug_frame   0x00000144     0x15c8 Drivers/CMSIS/Device/ST/STM32MP13xx/Source/Templates/gcc/startup_stm32mp135c_ca7.cc.o
 .debug_frame   0x0000170c      0x548 Drivers/STM32MP13xx_HAL_Driver/Src/stm32mp13xx_hal.cc.o
 .debug_frame   0x00001c54      0x188 Drivers/STM32MP13xx_HAL_Driver/Src/stm32mp13xx_hal_gpio.cc.o
 .debug_frame   0x00001ddc      0x5d0 Drivers/STM32MP13xx_HAL_Driver/Src/stm32mp13xx_hal_rcc.cc.o
 .debug_frame   0x000023ac      0x158 Drivers/STM32MP13xx_HAL_Driver/Src/stm32mp13xx_hal_rcc_ex.cc.o
 .debug_frame   0x00002504      0x708 Drivers/CMSIS/Core_A/Source/irq_ctrl_gic.cc.o
 .debug_frame   0x00002c0c      0x358 Drivers/CMSIS/Device/ST/STM32MP13xx/Source/Templates/mmu_stm32mp13xx.cc.o
 .debug_frame   0x00002f64      0x220 Drivers/CMSIS/Device/ST/STM32MP13xx/Source/Templates/system_stm32mp13xx_A7.cc.o
 .debug_frame   0x00003184       0x2c /home/nihao/workdir/stm32mp135_Bare_computer_project/toolchain/bin/../lib/gcc/arm-none-eabi/12.3.1/../../../../arm-none-eabi/lib/thumb/v7-a+fp/hard/libc_nano.a(libc_a-init.o)
 .debug_frame   0x000031b0       0x2c /home/nihao/workdir/stm32mp135_Bare_computer_project/toolchain/bin/../lib/gcc/arm-none-eabi/12.3.1/thumb/v7-a+fp/hard/libgcc.a(_aeabi_uldivmod.o)
 .debug_frame   0x000031dc       0x34 /home/nihao/workdir/stm32mp135_Bare_computer_project/toolchain/bin/../lib/gcc/arm-none-eabi/12.3.1/thumb/v7-a+fp/hard/libgcc.a(_udivmoddi4.o)
